Archive member included to satisfy reference by file (symbol)

d:/studia/stm32/ide/stm32cubeide_1.5.1/stm32cubeide/plugins/com.st.stm32cube.ide.mcu.externaltools.gnu-tools-for-stm32.9-2020-q2-update.win32_1.5.0.202011040924/tools/bin/../lib/gcc/arm-none-eabi/9.3.1/../../../../arm-none-eabi/lib/thumb/v7e-m+fp/hard\libc_nano.a(lib_a-errno.o)
                              Core/Src/syscalls.o (__errno)
d:/studia/stm32/ide/stm32cubeide_1.5.1/stm32cubeide/plugins/com.st.stm32cube.ide.mcu.externaltools.gnu-tools-for-stm32.9-2020-q2-update.win32_1.5.0.202011040924/tools/bin/../lib/gcc/arm-none-eabi/9.3.1/../../../../arm-none-eabi/lib/thumb/v7e-m+fp/hard\libc_nano.a(lib_a-exit.o)
                              d:/studia/stm32/ide/stm32cubeide_1.5.1/stm32cubeide/plugins/com.st.stm32cube.ide.mcu.externaltools.gnu-tools-for-stm32.9-2020-q2-update.win32_1.5.0.202011040924/tools/bin/../lib/gcc/arm-none-eabi/9.3.1/../../../../arm-none-eabi/lib/thumb/v7e-m+fp/hard/crt0.o (exit)
d:/studia/stm32/ide/stm32cubeide_1.5.1/stm32cubeide/plugins/com.st.stm32cube.ide.mcu.externaltools.gnu-tools-for-stm32.9-2020-q2-update.win32_1.5.0.202011040924/tools/bin/../lib/gcc/arm-none-eabi/9.3.1/../../../../arm-none-eabi/lib/thumb/v7e-m+fp/hard\libc_nano.a(lib_a-impure.o)
                              d:/studia/stm32/ide/stm32cubeide_1.5.1/stm32cubeide/plugins/com.st.stm32cube.ide.mcu.externaltools.gnu-tools-for-stm32.9-2020-q2-update.win32_1.5.0.202011040924/tools/bin/../lib/gcc/arm-none-eabi/9.3.1/../../../../arm-none-eabi/lib/thumb/v7e-m+fp/hard\libc_nano.a(lib_a-exit.o) (_global_impure_ptr)
d:/studia/stm32/ide/stm32cubeide_1.5.1/stm32cubeide/plugins/com.st.stm32cube.ide.mcu.externaltools.gnu-tools-for-stm32.9-2020-q2-update.win32_1.5.0.202011040924/tools/bin/../lib/gcc/arm-none-eabi/9.3.1/../../../../arm-none-eabi/lib/thumb/v7e-m+fp/hard\libc_nano.a(lib_a-init.o)
                              d:/studia/stm32/ide/stm32cubeide_1.5.1/stm32cubeide/plugins/com.st.stm32cube.ide.mcu.externaltools.gnu-tools-for-stm32.9-2020-q2-update.win32_1.5.0.202011040924/tools/bin/../lib/gcc/arm-none-eabi/9.3.1/../../../../arm-none-eabi/lib/thumb/v7e-m+fp/hard/crt0.o (__libc_init_array)
d:/studia/stm32/ide/stm32cubeide_1.5.1/stm32cubeide/plugins/com.st.stm32cube.ide.mcu.externaltools.gnu-tools-for-stm32.9-2020-q2-update.win32_1.5.0.202011040924/tools/bin/../lib/gcc/arm-none-eabi/9.3.1/../../../../arm-none-eabi/lib/thumb/v7e-m+fp/hard\libc_nano.a(lib_a-memset.o)
                              d:/studia/stm32/ide/stm32cubeide_1.5.1/stm32cubeide/plugins/com.st.stm32cube.ide.mcu.externaltools.gnu-tools-for-stm32.9-2020-q2-update.win32_1.5.0.202011040924/tools/bin/../lib/gcc/arm-none-eabi/9.3.1/../../../../arm-none-eabi/lib/thumb/v7e-m+fp/hard/crt0.o (memset)
d:/studia/stm32/ide/stm32cubeide_1.5.1/stm32cubeide/plugins/com.st.stm32cube.ide.mcu.externaltools.gnu-tools-for-stm32.9-2020-q2-update.win32_1.5.0.202011040924/tools/bin/../lib/gcc/arm-none-eabi/9.3.1/../../../../arm-none-eabi/lib/thumb/v7e-m+fp/hard\libc_nano.a(lib_a-nano-vfprintf_float.o)
                              (_printf_float)
d:/studia/stm32/ide/stm32cubeide_1.5.1/stm32cubeide/plugins/com.st.stm32cube.ide.mcu.externaltools.gnu-tools-for-stm32.9-2020-q2-update.win32_1.5.0.202011040924/tools/bin/../lib/gcc/arm-none-eabi/9.3.1/../../../../arm-none-eabi/lib/thumb/v7e-m+fp/hard\libc_nano.a(lib_a-nano-vfprintf_i.o)
                              d:/studia/stm32/ide/stm32cubeide_1.5.1/stm32cubeide/plugins/com.st.stm32cube.ide.mcu.externaltools.gnu-tools-for-stm32.9-2020-q2-update.win32_1.5.0.202011040924/tools/bin/../lib/gcc/arm-none-eabi/9.3.1/../../../../arm-none-eabi/lib/thumb/v7e-m+fp/hard\libc_nano.a(lib_a-nano-vfprintf_float.o) (_printf_common)
d:/studia/stm32/ide/stm32cubeide_1.5.1/stm32cubeide/plugins/com.st.stm32cube.ide.mcu.externaltools.gnu-tools-for-stm32.9-2020-q2-update.win32_1.5.0.202011040924/tools/bin/../lib/gcc/arm-none-eabi/9.3.1/../../../../arm-none-eabi/lib/thumb/v7e-m+fp/hard\libc_nano.a(lib_a-printf.o)
                              Core/Src/usart.o (printf)
d:/studia/stm32/ide/stm32cubeide_1.5.1/stm32cubeide/plugins/com.st.stm32cube.ide.mcu.externaltools.gnu-tools-for-stm32.9-2020-q2-update.win32_1.5.0.202011040924/tools/bin/../lib/gcc/arm-none-eabi/9.3.1/../../../../arm-none-eabi/lib/thumb/v7e-m+fp/hard\libc_nano.a(lib_a-sprintf.o)
                              Core/Src/onScreen.o (sprintf)
d:/studia/stm32/ide/stm32cubeide_1.5.1/stm32cubeide/plugins/com.st.stm32cube.ide.mcu.externaltools.gnu-tools-for-stm32.9-2020-q2-update.win32_1.5.0.202011040924/tools/bin/../lib/gcc/arm-none-eabi/9.3.1/../../../../arm-none-eabi/lib/thumb/v7e-m+fp/hard\libc_nano.a(lib_a-strlen.o)
[...]
Memory Configuration

Name             Origin             Length             Attributes
RAM              0x0000000020000000 0x0000000000018000 xrw
FLASH            0x0000000008000000 0x0000000000080000 xr
*default*        0x0000000000000000 0xffffffffffffffff

Linker script and memory map

LOAD d:/studia/stm32/ide/stm32cubeide_1.5.1/stm32cubeide/plugins/com.st.stm32cube.ide.mcu.externaltools.gnu-tools-for-stm32.9-2020-q2-update.win32_1.5.0.202011040924/tools/bin/../lib/gcc/arm-none-eabi/9.3.1/thumb/v7e-m+fp/hard/crti.o
LOAD d:/studia/stm32/ide/stm32cubeide_1.5.1/stm32cubeide/plugins/com.st.stm32cube.ide.mcu.externaltools.gnu-tools-for-stm32.9-2020-q2-update.win32_1.5.0.202011040924/tools/bin/../lib/gcc/arm-none-eabi/9.3.1/thumb/v7e-m+fp/hard/crtbegin.o
LOAD d:/studia/stm32/ide/stm32cubeide_1.5.1/stm32cubeide/plugins/com.st.stm32cube.ide.mcu.externaltools.gnu-tools-for-stm32.9-2020-q2-update.win32_1.5.0.202011040924/tools/bin/../lib/gcc/arm-none-eabi/9.3.1/../../../../arm-none-eabi/lib/thumb/v7e-m+fp/hard/crt0.o
LOAD Core/Src/GFX_FUNCTIONS.o
LOAD Core/Src/ST7735.o
LOAD Core/Src/bmp280.o
LOAD Core/Src/bmp280_read.o
LOAD Core/Src/fonts.o
LOAD Core/Src/gpio.o
LOAD Core/Src/i2c.o
LOAD Core/Src/main.o
LOAD Core/Src/onScreen.o
LOAD Core/Src/printf_to_UART.o
LOAD Core/Src/spi.o
LOAD Core/Src/stm32f4xx_hal_msp.o
LOAD Core/Src/stm32f4xx_it.o
LOAD Core/Src/syscalls.o
LOAD Core/Src/sysmem.o
LOAD Core/Src/system_stm32f4xx.o
LOAD Core/Src/tim.o
LOAD Core/Src/usart.o
LOAD Core/Startup/startup_stm32f401retx.o
LOAD Drivers/STM32F4xx_HAL_Driver/Src/stm32f4xx_hal.o
LOAD Drivers/STM32F4xx_HAL_Driver/Src/stm32f4xx_hal_cortex.o
LOAD Drivers/STM32F4xx_HAL_Driver/Src/stm32f4xx_hal_dma.o
LOAD Drivers/STM32F4xx_HAL_Driver/Src/stm32f4xx_hal_dma_ex.o
LOAD Drivers/STM32F4xx_HAL_Driver/Src/stm32f4xx_hal_exti.o
LOAD Drivers/STM32F4xx_HAL_Driver/Src/stm32f4xx_hal_flash.o
LOAD Drivers/STM32F4xx_HAL_Driver/Src/stm32f4xx_hal_flash_ex.o
LOAD Drivers/STM32F4xx_HAL_Driver/Src/stm32f4xx_hal_flash_ramfunc.o
LOAD Drivers/STM32F4xx_HAL_Driver/Src/stm32f4xx_hal_gpio.o
LOAD Drivers/STM32F4xx_HAL_Driver/Src/stm32f4xx_hal_i2c.o
LOAD Drivers/STM32F4xx_HAL_Driver/Src/stm32f4xx_hal_i2c_ex.o
LOAD Drivers/STM32F4xx_HAL_Driver/Src/stm32f4xx_hal_pwr.o
LOAD Drivers/STM32F4xx_HAL_Driver/Src/stm32f4xx_hal_pwr_ex.o
LOAD Drivers/STM32F4xx_HAL_Driver/Src/stm32f4xx_hal_rcc.o
LOAD Drivers/STM32F4xx_HAL_Driver/Src/stm32f4xx_hal_rcc_ex.o
LOAD Drivers/STM32F4xx_HAL_Driver/Src/stm32f4xx_hal_spi.o
LOAD Drivers/STM32F4xx_HAL_Driver/Src/stm32f4xx_hal_tim.o
LOAD Drivers/STM32F4xx_HAL_Driver/Src/stm32f4xx_hal_tim_ex.o
LOAD Drivers/STM32F4xx_HAL_Driver/Src/stm32f4xx_hal_uart.o
START GROUP
LOAD d:/studia/stm32/ide/stm32cubeide_1.5.1/stm32cubeide/plugins/com.st.stm32cube.ide.mcu.externaltools.gnu-tools-for-stm32.9-2020-q2-update.win32_1.5.0.202011040924/tools/bin/../lib/gcc/arm-none-eabi/9.3.1/../../../../arm-none-eabi/lib/thumb/v7e-m+fp/hard\libc_nano.a
LOAD d:/studia/stm32/ide/stm32cubeide_1.5.1/stm32cubeide/plugins/com.st.stm32cube.ide.mcu.externaltools.gnu-tools-for-stm32.9-2020-q2-update.win32_1.5.0.202011040924/tools/bin/../lib/gcc/arm-none-eabi/9.3.1/../../../../arm-none-eabi/lib/thumb/v7e-m+fp/hard\libm.a
END GROUP
START GROUP
LOAD d:/studia/stm32/ide/stm32cubeide_1.5.1/stm32cubeide/plugins/com.st.stm32cube.ide.mcu.externaltools.gnu-tools-for-stm32.9-2020-q2-update.win32_1.5.0.202011040924/tools/bin/../lib/gcc/arm-none-eabi/9.3.1/thumb/v7e-m+fp/hard\libgcc.a
LOAD d:/studia/stm32/ide/stm32cubeide_1.5.1/stm32cubeide/plugins/com.st.stm32cube.ide.mcu.externaltools.gnu-tools-for-stm32.9-2020-q2-update.win32_1.5.0.202011040924/tools/bin/../lib/gcc/arm-none-eabi/9.3.1/../../../../arm-none-eabi/lib/thumb/v7e-m+fp/hard\libc_nano.a
END GROUP
START GROUP
LOAD d:/studia/stm32/ide/stm32cubeide_1.5.1/stm32cubeide/plugins/com.st.stm32cube.ide.mcu.externaltools.gnu-tools-for-stm32.9-2020-q2-update.win32_1.5.0.202011040924/tools/bin/../lib/gcc/arm-none-eabi/9.3.1/thumb/v7e-m+fp/hard\libgcc.a
LOAD d:/studia/stm32/ide/stm32cubeide_1.5.1/stm32cubeide/plugins/com.st.stm32cube.ide.mcu.externaltools.gnu-tools-for-stm32.9-2020-q2-update.win32_1.5.0.202011040924/tools/bin/../lib/gcc/arm-none-eabi/9.3.1/../../../../arm-none-eabi/lib/thumb/v7e-m+fp/hard\libc_nano.a
LOAD d:/studia/stm32/ide/stm32cubeide_1.5.1/stm32cubeide/plugins/com.st.stm32cube.ide.mcu.externaltools.gnu-tools-for-stm32.9-2020-q2-update.win32_1.5.0.202011040924/tools/bin/../lib/gcc/arm-none-eabi/9.3.1/../../../../arm-none-eabi/lib/thumb/v7e-m+fp/hard\libnosys.a
END GROUP
START GROUP
LOAD d:/studia/stm32/ide/stm32cubeide_1.5.1/stm32cubeide/plugins/com.st.stm32cube.ide.mcu.externaltools.gnu-tools-for-stm32.9-2020-q2-update.win32_1.5.0.202011040924/tools/bin/../lib/gcc/arm-none-eabi/9.3.1/thumb/v7e-m+fp/hard\libgcc.a
LOAD d:/studia/stm32/ide/stm32cubeide_1.5.1/stm32cubeide/plugins/com.st.stm32cube.ide.mcu.externaltools.gnu-tools-for-stm32.9-2020-q2-update.win32_1.5.0.202011040924/tools/bin/../lib/gcc/arm-none-eabi/9.3.1/../../../../arm-none-eabi/lib/thumb/v7e-m+fp/hard\libc_nano.a
LOAD d:/studia/stm32/ide/stm32cubeide_1.5.1/stm32cubeide/plugins/com.st.stm32cube.ide.mcu.externaltools.gnu-tools-for-stm32.9-2020-q2-update.win32_1.5.0.202011040924/tools/bin/../lib/gcc/arm-none-eabi/9.3.1/../../../../arm-none-eabi/lib/thumb/v7e-m+fp/hard\libnosys.a
END GROUP
LOAD d:/studia/stm32/ide/stm32cubeide_1.5.1/stm32cubeide/plugins/com.st.stm32cube.ide.mcu.externaltools.gnu-tools-for-stm32.9-2020-q2-update.win32_1.5.0.202011040924/tools/bin/../lib/gcc/arm-none-eabi/9.3.1/thumb/v7e-m+fp/hard/crtend.o
LOAD d:/studia/stm32/ide/stm32cubeide_1.5.1/stm32cubeide/plugins/com.st.stm32cube.ide.mcu.externaltools.gnu-tools-for-stm32.9-2020-q2-update.win32_1.5.0.202011040924/tools/bin/../lib/gcc/arm-none-eabi/9.3.1/thumb/v7e-m+fp/hard/crtn.o
                0x0000000020018000                _estack = (ORIGIN (RAM) + LENGTH (RAM))
                0x0000000000000200                _Min_Heap_Size = 0x200
                0x0000000000000400                _Min_Stack_Size = 0x400

.isr_vector     0x0000000008000000      0x194
                0x0000000008000000                . = ALIGN (0x4)
 *(.isr_vector)
 .isr_vector    0x0000000008000000      0x194 Core/Startup/startup_stm32f401retx.o
                0x0000000008000000                g_pfnVectors
                0x0000000008000194                . = ALIGN (0x4)

.text           0x00000000080001a0     0x94ec
                0x00000000080001a0                . = ALIGN (0x4)
 *(.text)
 .text          0x00000000080001a0       0x40 d:/studia/stm32/ide/stm32cubeide_1.5.1/stm32cubeide/plugins/com.st.stm32cube.ide.mcu.externaltools.gnu-tools-for-stm32.9-2020-q2-update.win32_1.5.0.202011040924/tools/bin/../lib/gcc/arm-none-eabi/9.3.1/thumb/v7e-m+fp/hard/crtbegin.o
 .text          0x00000000080001e0       0x10 d:/studia/stm32/ide/stm32cubeide_1.5.1/stm32cubeide/plugins/com.st.stm32cube.ide.mcu.externaltools.gnu-tools-for-stm32.9-2020-q2-update.win32_1.5.0.202011040924/tools/bin/../lib/gcc/arm-none-eabi/9.3.1/../../../../arm-none-eabi/lib/thumb/v7e-m+fp/hard\libc_nano.a(lib_a-strlen.o)
                0x00000000080001e0                strlen
 .text          0x00000000080001f0       0xa0 d:/studia/stm32/ide/stm32cubeide_1.5.1/stm32cubeide/plugins/com.st.stm32cube.ide.mcu.externaltools.gnu-tools-for-stm32.9-2020-q2-update.win32_1.5.0.202011040924/tools/bin/../lib/gcc/arm-none-eabi/9.3.1/../../../../arm-none-eabi/lib/thumb/v7e-m+fp/hard\libc_nano.a(lib_a-memchr.o)
                0x00000000080001f0                memchr
 .text          0x0000000008000290      0x378 d:/studia/stm32/ide/stm32cubeide_1.5.1/stm32cubeide/plugins/com.st.stm32cube.ide.mcu.externaltools.gnu-tools-for-stm32.9-2020-q2-update.win32_1.5.0.202011040924/tools/bin/../lib/gcc/arm-none-eabi/9.3.1/thumb/v7e-m+fp/hard\libgcc.a(_arm_addsubdf3.o)
                0x0000000008000290                __aeabi_drsub
                0x0000000008000298                __aeabi_dsub
                0x0000000008000298                __subdf3
                0x000000000800029c                __aeabi_dadd
                0x000000000800029c                __adddf3
                0x0000000008000514                __floatunsidf
                0x0000000008000514                __aeabi_ui2d
                0x0000000008000534                __floatsidf
                0x0000000008000534                __aeabi_i2d
                0x0000000008000558                __aeabi_f2d
                0x0000000008000558                __extendsfdf2
                0x000000000800059c                __floatundidf
                0x000000000800059c                __aeabi_ul2d
                0x00000000080005ac                __floatdidf
                0x00000000080005ac                __aeabi_l2d
 .text          0x0000000008000608      0x424 d:/studia/stm32/ide/stm32cubeide_1.5.1/stm32cubeide/plugins/com.st.stm32cube.ide.mcu.externaltools.gnu-tools-for-stm32.9-2020-q2-update.win32_1.5.0.202011040924/tools/bin/../lib/gcc/arm-none-eabi/9.3.1/thumb/v7e-m+fp/hard\libgcc.a(_arm_muldivdf3.o)
                0x0000000008000608                __aeabi_dmul
                0x0000000008000608                __muldf3
                0x000000000800085c                __divdf3
                0x000000000800085c                __aeabi_ddiv
 .text          0x0000000008000a2c      0x110 d:/studia/stm32/ide/stm32cubeide_1.5.1/stm32cubeide/plugins/com.st.stm32cube.ide.mcu.externaltools.gnu-tools-for-stm32.9-2020-q2-update.win32_1.5.0.202011040924/tools/bin/../lib/gcc/arm-none-eabi/9.3.1/thumb/v7e-m+fp/hard\libgcc.a(_arm_cmpdf2.o)
                0x0000000008000a2c                __gtdf2
                0x0000000008000a2c                __gedf2
                0x0000000008000a34                __ltdf2
                0x0000000008000a34                __ledf2
                0x0000000008000a3c                __nedf2
                0x0000000008000a3c                __eqdf2
                0x0000000008000a3c                __cmpdf2
                0x0000000008000ab8                __aeabi_cdrcmple
                0x0000000008000ac8                __aeabi_cdcmpeq
                0x0000000008000ac8                __aeabi_cdcmple
                0x0000000008000ad8                __aeabi_dcmpeq
                0x0000000008000aec                __aeabi_dcmplt
                0x0000000008000b00                __aeabi_dcmple
                0x0000000008000b14                __aeabi_dcmpge
                0x0000000008000b28                __aeabi_dcmpgt
 .text          0x0000000008000b3c       0x2c d:/studia/stm32/ide/stm32cubeide_1.5.1/stm32cubeide/plugins/com.st.stm32cube.ide.mcu.externaltools.gnu-tools-for-stm32.9-2020-q2-update.win32_1.5.0.202011040924/tools/bin/../lib/gcc/arm-none-eabi/9.3.1/thumb/v7e-m+fp/hard\libgcc.a(_arm_unorddf2.o)
                0x0000000008000b3c                __unorddf2
                0x0000000008000b3c                __aeabi_dcmpun
 .text          0x0000000008000b68       0x50 d:/studia/stm32/ide/stm32cubeide_1.5.1/stm32cubeide/plugins/com.st.stm32cube.ide.mcu.externaltools.gnu-tools-for-stm32.9-2020-q2-update.win32_1.5.0.202011040924/tools/bin/../lib/gcc/arm-none-eabi/9.3.1/thumb/v7e-m+fp/hard\libgcc.a(_arm_fixdfsi.o)
                0x0000000008000b68                __aeabi_d2iz
                0x0000000008000b68                __fixdfsi
 .text          0x0000000008000bb8       0x30 d:/studia/stm32/ide/stm32cubeide_1.5.1/stm32cubeide/plugins/com.st.stm32cube.ide.mcu.externaltools.gnu-tools-for-stm32.9-2020-q2-update.win32_1.5.0.202011040924/tools/bin/../lib/gcc/arm-none-eabi/9.3.1/thumb/v7e-m+fp/hard\libgcc.a(_aeabi_uldivmod.o)
                0x0000000008000bb8                __aeabi_uldivmod
 .text          0x0000000008000be8      0x2c4 d:/studia/stm32/ide/stm32cubeide_1.5.1/stm32cubeide/plugins/com.st.stm32cube.ide.mcu.externaltools.gnu-tools-for-stm32.9-2020-q2-update.win32_1.5.0.202011040924/tools/bin/../lib/gcc/arm-none-eabi/9.3.1/thumb/v7e-m+fp/hard\libgcc.a(_udivmoddi4.o)
                0x0000000008000be8                __udivmoddi4
 .text          0x0000000008000eac        0x4 d:/studia/stm32/ide/stm32cubeide_1.5.1/stm32cubeide/plugins/com.st.stm32cube.ide.mcu.externaltools.gnu-tools-for-stm32.9-2020-q2-update.win32_1.5.0.202011040924/tools/bin/../lib/gcc/arm-none-eabi/9.3.1/thumb/v7e-m+fp/hard\libgcc.a(_dvmd_tls.o)
                0x0000000008000eac                __aeabi_idiv0
                0x0000000008000eac                __aeabi_ldiv0
 *(.text*)
 .text.fillRect
                0x0000000008000eb0       0x38 Core/Src/GFX_FUNCTIONS.o
                0x0000000008000eb0                fillRect
 .text.fillScreen
                0x0000000008000ee8       0x34 Core/Src/GFX_FUNCTIONS.o
                0x0000000008000ee8                fillScreen
 .text.ST7735_Select
                0x0000000008000f1c       0x18 Core/Src/ST7735.o
                0x0000000008000f1c                ST7735_Select
 .text.ST7735_Unselect
                0x0000000008000f34       0x18 Core/Src/ST7735.o
                0x0000000008000f34                ST7735_Unselect
 .text.ST7735_Reset
                0x0000000008000f4c       0x28 Core/Src/ST7735.o
                0x0000000008000f4c                ST7735_Reset
 .text.ST7735_WriteCommand
                0x0000000008000f74       0x34 Core/Src/ST7735.o
                0x0000000008000f74                ST7735_WriteCommand
 .text.ST7735_WriteData
                0x0000000008000fa8       0x34 Core/Src/ST7735.o
                0x0000000008000fa8                ST7735_WriteData
 .text.DisplayInit
                0x0000000008000fdc       0x92 Core/Src/ST7735.o
                0x0000000008000fdc                DisplayInit
 *fill*         0x000000000800106e        0x2 
 .text.ST7735_SetAddressWindow
                0x0000000008001070       0x90 Core/Src/ST7735.o
                0x0000000008001070                ST7735_SetAddressWindow
 .text.ST7735_Init
                0x0000000008001100       0x58 Core/Src/ST7735.o
                0x0000000008001100                ST7735_Init
 .text.ST7735_SetRotation
                0x0000000008001158      0x100 Core/Src/ST7735.o
                0x0000000008001158                ST7735_SetRotation
 .text.ST7735_WriteChar
                0x0000000008001258       0xee Core/Src/ST7735.o
                0x0000000008001258                ST7735_WriteChar
 *fill*         0x0000000008001346        0x2 
 .text.ST7735_WriteString
                0x0000000008001348       0xa8 Core/Src/ST7735.o
                0x0000000008001348                ST7735_WriteString
 .text.ST7735_FillRectangle
                0x00000000080013f0      0x110 Core/Src/ST7735.o
                0x00000000080013f0                ST7735_FillRectangle
 .text.bmp280_get_regs
                0x0000000008001500       0x6e Core/Src/bmp280.o
                0x0000000008001500                bmp280_get_regs
 .text.bmp280_set_regs
                0x000000000800156e       0xdc Core/Src/bmp280.o
                0x000000000800156e                bmp280_set_regs
 .text.bmp280_soft_reset
                0x000000000800164a       0x4a Core/Src/bmp280.o
                0x000000000800164a                bmp280_soft_reset
 .text.bmp280_init
                0x0000000008001694       0xcc Core/Src/bmp280.o
                0x0000000008001694                bmp280_init
 .text.bmp280_get_config
                0x0000000008001760       0xa0 Core/Src/bmp280.o
                0x0000000008001760                bmp280_get_config
 .text.bmp280_set_config
                0x0000000008001800       0x1e Core/Src/bmp280.o
                0x0000000008001800                bmp280_set_config
 .text.bmp280_set_power_mode
                0x000000000800181e       0x3e Core/Src/bmp280.o
                0x000000000800181e                bmp280_set_power_mode
 .text.bmp280_get_uncomp_data
                0x000000000800185c       0x9c Core/Src/bmp280.o
                0x000000000800185c                bmp280_get_uncomp_data
 .text.bmp280_get_comp_temp_double
                0x00000000080018f8      0x1b0 Core/Src/bmp280.o
                0x00000000080018f8                bmp280_get_comp_temp_double
 .text.bmp280_get_comp_pres_double
                0x0000000008001aa8      0x390 Core/Src/bmp280.o
                0x0000000008001aa8                bmp280_get_comp_pres_double
 .text.null_ptr_check
                0x0000000008001e38       0x40 Core/Src/bmp280.o
 .text.interleave_data
                0x0000000008001e78       0x58 Core/Src/bmp280.o
 .text.get_calib_param
                0x0000000008001ed0      0x13c Core/Src/bmp280.o
 .text.conf_sensor
                0x000000000800200c      0x16a Core/Src/bmp280.o
 *fill*         0x0000000008002176        0x2 
 .text.st_check_boundaries
                0x0000000008002178       0x70 Core/Src/bmp280.o
 .text.BMP280_init
                0x00000000080021e8       0x84 Core/Src/bmp280_read.o
                0x00000000080021e8                BMP280_init
 .text.BMP280_TempRead
                0x000000000800226c       0x7c Core/Src/bmp280_read.o
                0x000000000800226c                BMP280_TempRead
 .text.BMP280_PressRead
                0x00000000080022e8       0x7c Core/Src/bmp280_read.o
                0x00000000080022e8                BMP280_PressRead
 .text.delay_ms
                0x0000000008002364       0x16 Core/Src/bmp280_read.o
                0x0000000008002364                delay_ms
 *fill*         0x000000000800237a        0x2 
 .text.i2c_reg_write
                0x000000000800237c       0x40 Core/Src/bmp280_read.o
                0x000000000800237c                i2c_reg_write
 .text.i2c_reg_read
                0x00000000080023bc       0x40 Core/Src/bmp280_read.o
                0x00000000080023bc                i2c_reg_read
 .text.MX_GPIO_Init
                0x00000000080023fc      0x108 Core/Src/gpio.o
                0x00000000080023fc                MX_GPIO_Init
 .text.MX_I2C1_Init
                0x0000000008002504       0x5c Core/Src/i2c.o
                0x0000000008002504                MX_I2C1_Init
 .text.HAL_I2C_MspInit
                0x0000000008002560       0x90 Core/Src/i2c.o
                0x0000000008002560                HAL_I2C_MspInit
 .text.main     0x00000000080025f0      0x200 Core/Src/main.o
                0x00000000080025f0                main
 .text.SystemClock_Config
                0x00000000080027f0       0xd4 Core/Src/main.o
                0x00000000080027f0                SystemClock_Config
 .text.returnTemp
                0x00000000080028c4       0x24 Core/Src/main.o
                0x00000000080028c4                returnTemp
 .text.returnPres
                0x00000000080028e8       0x24 Core/Src/main.o
                0x00000000080028e8                returnPres
 .text.Error_Handler
                0x000000000800290c        0xa Core/Src/main.o
                0x000000000800290c                Error_Handler
 *fill*         0x0000000008002916        0x2 
 .text.writeTemp
                0x0000000008002918       0x48 Core/Src/onScreen.o
                0x0000000008002918                writeTemp
 .text.writePress
                0x0000000008002960       0x48 Core/Src/onScreen.o
                0x0000000008002960                writePress
 .text.writeMenu
                0x00000000080029a8       0x70 Core/Src/onScreen.o
                0x00000000080029a8                writeMenu
 .text.errMenu  0x0000000008002a18       0xb4 Core/Src/onScreen.o
                0x0000000008002a18                errMenu
 .text.writeTempHighWarn
                0x0000000008002acc       0x90 Core/Src/onScreen.o
                0x0000000008002acc                writeTempHighWarn
 .text.writeTempLowWarn
                0x0000000008002b5c       0x90 Core/Src/onScreen.o
                0x0000000008002b5c                writeTempLowWarn
 .text.__io_putchar
                0x0000000008002bec       0x2c Core/Src/printf_to_UART.o
                0x0000000008002bec                __io_putchar
 .text.MX_SPI2_Init
                0x0000000008002c18       0x6c Core/Src/spi.o
                0x0000000008002c18                MX_SPI2_Init
 .text.HAL_SPI_MspInit
                0x0000000008002c84       0xd0 Core/Src/spi.o
                0x0000000008002c84                HAL_SPI_MspInit
 .text.HAL_MspInit
                0x0000000008002d54       0x50 Core/Src/stm32f4xx_hal_msp.o
                0x0000000008002d54                HAL_MspInit
 .text.NMI_Handler
                0x0000000008002da4        0x6 Core/Src/stm32f4xx_it.o
                0x0000000008002da4                NMI_Handler
 .text.HardFault_Handler
                0x0000000008002daa        0x6 Core/Src/stm32f4xx_it.o
                0x0000000008002daa                HardFault_Handler
 .text.MemManage_Handler
                0x0000000008002db0        0x6 Core/Src/stm32f4xx_it.o
                0x0000000008002db0                MemManage_Handler
 .text.BusFault_Handler
                0x0000000008002db6        0x6 Core/Src/stm32f4xx_it.o
                0x0000000008002db6                BusFault_Handler
 .text.UsageFault_Handler
                0x0000000008002dbc        0x6 Core/Src/stm32f4xx_it.o
                0x0000000008002dbc                UsageFault_Handler
 .text.SVC_Handler
                0x0000000008002dc2        0xe Core/Src/stm32f4xx_it.o
                0x0000000008002dc2                SVC_Handler
 .text.DebugMon_Handler
                0x0000000008002dd0        0xe Core/Src/stm32f4xx_it.o
                0x0000000008002dd0                DebugMon_Handler
 .text.PendSV_Handler
                0x0000000008002dde        0xe Core/Src/stm32f4xx_it.o
                0x0000000008002dde                PendSV_Handler
 .text.SysTick_Handler
                0x0000000008002dec        0xc Core/Src/stm32f4xx_it.o
                0x0000000008002dec                SysTick_Handler
 .text.TIM1_UP_TIM10_IRQHandler
                0x0000000008002df8       0x14 Core/Src/stm32f4xx_it.o
                0x0000000008002df8                TIM1_UP_TIM10_IRQHandler
 .text.USART2_IRQHandler
                0x0000000008002e0c       0x14 Core/Src/stm32f4xx_it.o
                0x0000000008002e0c                USART2_IRQHandler
 .text._getpid  0x0000000008002e20       0x10 Core/Src/syscalls.o
                0x0000000008002e20                _getpid
 .text._kill    0x0000000008002e30       0x20 Core/Src/syscalls.o
                0x0000000008002e30                _kill
 .text._exit    0x0000000008002e50       0x14 Core/Src/syscalls.o
                0x0000000008002e50                _exit
 .text._read    0x0000000008002e64       0x3a Core/Src/syscalls.o
                0x0000000008002e64                _read
 .text._write   0x0000000008002e9e       0x38 Core/Src/syscalls.o
                0x0000000008002e9e                _write
 .text._close   0x0000000008002ed6       0x18 Core/Src/syscalls.o
                0x0000000008002ed6                _close
 .text._fstat   0x0000000008002eee       0x20 Core/Src/syscalls.o
                0x0000000008002eee                _fstat
 .text._isatty  0x0000000008002f0e       0x16 Core/Src/syscalls.o
                0x0000000008002f0e                _isatty
 .text._lseek   0x0000000008002f24       0x1a Core/Src/syscalls.o
                0x0000000008002f24                _lseek
 *fill*         0x0000000008002f3e        0x2 
 .text._sbrk    0x0000000008002f40       0x6c Core/Src/sysmem.o
                0x0000000008002f40                _sbrk
 .text.SystemInit
                0x0000000008002fac       0x24 Core/Src/system_stm32f4xx.o
                0x0000000008002fac                SystemInit
 .text.MX_TIM10_Init
                0x0000000008002fd0       0x48 Core/Src/tim.o
                0x0000000008002fd0                MX_TIM10_Init
 .text.HAL_TIM_Base_MspInit
                0x0000000008003018       0x50 Core/Src/tim.o
                0x0000000008003018                HAL_TIM_Base_MspInit
 .text.HAL_TIM_PeriodElapsedCallback
                0x0000000008003068       0x24 Core/Src/tim.o
                0x0000000008003068                HAL_TIM_PeriodElapsedCallback
 .text.MX_USART2_UART_Init
                0x000000000800308c       0x54 Core/Src/usart.o
                0x000000000800308c                MX_USART2_UART_Init
 .text.HAL_UART_MspInit
                0x00000000080030e0       0xa0 Core/Src/usart.o
                0x00000000080030e0                HAL_UART_MspInit
 .text.sendMessage
                0x0000000008003180       0xb0 Core/Src/usart.o
                0x0000000008003180                sendMessage
 .text.Reset_Handler
                0x0000000008003230       0x50 Core/Startup/startup_stm32f401retx.o
                0x0000000008003230                Reset_Handler
 .text.Default_Handler
                0x0000000008003280        0x2 Core/Startup/startup_stm32f401retx.o
                0x0000000008003280                RTC_Alarm_IRQHandler
                0x0000000008003280                EXTI2_IRQHandler
                0x0000000008003280                SPI4_IRQHandler
                0x0000000008003280                TIM1_CC_IRQHandler
                0x0000000008003280                DMA2_Stream5_IRQHandler
                0x0000000008003280                DMA1_Stream5_IRQHandler
                0x0000000008003280                PVD_IRQHandler
                0x0000000008003280                SDIO_IRQHandler
                0x0000000008003280                TAMP_STAMP_IRQHandler
                0x0000000008003280                EXTI3_IRQHandler
                0x0000000008003280                I2C3_ER_IRQHandler
                0x0000000008003280                EXTI0_IRQHandler
                0x0000000008003280                I2C2_EV_IRQHandler
                0x0000000008003280                DMA1_Stream2_IRQHandler
                0x0000000008003280                FPU_IRQHandler
                0x0000000008003280                DMA2_Stream2_IRQHandler
                0x0000000008003280                SPI1_IRQHandler
                0x0000000008003280                TIM1_BRK_TIM9_IRQHandler
                0x0000000008003280                DMA2_Stream3_IRQHandler
                0x0000000008003280                USART6_IRQHandler
                0x0000000008003280                DMA2_Stream0_IRQHandler
                0x0000000008003280                TIM4_IRQHandler
                0x0000000008003280                I2C1_EV_IRQHandler
                0x0000000008003280                DMA1_Stream6_IRQHandler
                0x0000000008003280                DMA1_Stream1_IRQHandler
                0x0000000008003280                TIM3_IRQHandler
                0x0000000008003280                RCC_IRQHandler
                0x0000000008003280                Default_Handler
                0x0000000008003280                EXTI15_10_IRQHandler
                0x0000000008003280                ADC_IRQHandler
                0x0000000008003280                DMA1_Stream7_IRQHandler
                0x0000000008003280                TIM5_IRQHandler
                0x0000000008003280                DMA2_Stream7_IRQHandler
                0x0000000008003280                I2C3_EV_IRQHandler
                0x0000000008003280                EXTI9_5_IRQHandler
                0x0000000008003280                RTC_WKUP_IRQHandler
                0x0000000008003280                SPI2_IRQHandler
                0x0000000008003280                DMA1_Stream0_IRQHandler
                0x0000000008003280                EXTI4_IRQHandler
                0x0000000008003280                WWDG_IRQHandler
                0x0000000008003280                TIM2_IRQHandler
                0x0000000008003280                OTG_FS_WKUP_IRQHandler
                0x0000000008003280                TIM1_TRG_COM_TIM11_IRQHandler
                0x0000000008003280                EXTI1_IRQHandler
                0x0000000008003280                I2C2_ER_IRQHandler
                0x0000000008003280                DMA2_Stream1_IRQHandler
                0x0000000008003280                FLASH_IRQHandler
                0x0000000008003280                DMA2_Stream4_IRQHandler
                0x0000000008003280                USART1_IRQHandler
                0x0000000008003280                OTG_FS_IRQHandler
                0x0000000008003280                SPI3_IRQHandler
                0x0000000008003280                DMA1_Stream4_IRQHandler
                0x0000000008003280                I2C1_ER_IRQHandler
                0x0000000008003280                DMA2_Stream6_IRQHandler
                0x0000000008003280                DMA1_Stream3_IRQHandler
 *fill*         0x0000000008003282        0x2 
 .text.HAL_Init
                0x0000000008003284       0x44 Drivers/STM32F4xx_HAL_Driver/Src/stm32f4xx_hal.o
                0x0000000008003284                HAL_Init
 .text.HAL_InitTick
                0x00000000080032c8       0x60 Drivers/STM32F4xx_HAL_Driver/Src/stm32f4xx_hal.o
                0x00000000080032c8                HAL_InitTick
 .text.HAL_IncTick
                0x0000000008003328       0x28 Drivers/STM32F4xx_HAL_Driver/Src/stm32f4xx_hal.o
                0x0000000008003328                HAL_IncTick
 .text.HAL_GetTick
                0x0000000008003350       0x18 Drivers/STM32F4xx_HAL_Driver/Src/stm32f4xx_hal.o
                0x0000000008003350                HAL_GetTick
 .text.HAL_Delay
                0x0000000008003368       0x48 Drivers/STM32F4xx_HAL_Driver/Src/stm32f4xx_hal.o
                0x0000000008003368                HAL_Delay
 .text.__NVIC_SetPriorityGrouping
                0x00000000080033b0       0x48 Drivers/STM32F4xx_HAL_Driver/Src/stm32f4xx_hal_cortex.o
 .text.__NVIC_GetPriorityGrouping
                0x00000000080033f8       0x1c Drivers/STM32F4xx_HAL_Driver/Src/stm32f4xx_hal_cortex.o
 .text.__NVIC_EnableIRQ
                0x0000000008003414       0x3c Drivers/STM32F4xx_HAL_Driver/Src/stm32f4xx_hal_cortex.o
 .text.__NVIC_SetPriority
                0x0000000008003450       0x54 Drivers/STM32F4xx_HAL_Driver/Src/stm32f4xx_hal_cortex.o
 .text.NVIC_EncodePriority
                0x00000000080034a4       0x66 Drivers/STM32F4xx_HAL_Driver/Src/stm32f4xx_hal_cortex.o
 *fill*         0x000000000800350a        0x2 
 .text.SysTick_Config
                0x000000000800350c       0x44 Drivers/STM32F4xx_HAL_Driver/Src/stm32f4xx_hal_cortex.o
 .text.HAL_NVIC_SetPriorityGrouping
                0x0000000008003550       0x16 Drivers/STM32F4xx_HAL_Driver/Src/stm32f4xx_hal_cortex.o
                0x0000000008003550                HAL_NVIC_SetPriorityGrouping
 .text.HAL_NVIC_SetPriority
                0x0000000008003566       0x38 Drivers/STM32F4xx_HAL_Driver/Src/stm32f4xx_hal_cortex.o
                0x0000000008003566                HAL_NVIC_SetPriority
 .text.HAL_NVIC_EnableIRQ
                0x000000000800359e       0x1c Drivers/STM32F4xx_HAL_Driver/Src/stm32f4xx_hal_cortex.o
                0x000000000800359e                HAL_NVIC_EnableIRQ
 .text.HAL_SYSTICK_Config
                0x00000000080035ba       0x18 Drivers/STM32F4xx_HAL_Driver/Src/stm32f4xx_hal_cortex.o
                0x00000000080035ba                HAL_SYSTICK_Config
 .text.HAL_DMA_Abort
                0x00000000080035d2       0xe0 Drivers/STM32F4xx_HAL_Driver/Src/stm32f4xx_hal_dma.o
                0x00000000080035d2                HAL_DMA_Abort
 .text.HAL_DMA_Abort_IT
                0x00000000080036b2       0x44 Drivers/STM32F4xx_HAL_Driver/Src/stm32f4xx_hal_dma.o
                0x00000000080036b2                HAL_DMA_Abort_IT
 *fill*         0x00000000080036f6        0x2 
 .text.HAL_GPIO_Init
                0x00000000080036f8      0x308 Drivers/STM32F4xx_HAL_Driver/Src/stm32f4xx_hal_gpio.o
                0x00000000080036f8                HAL_GPIO_Init
 .text.HAL_GPIO_WritePin
                0x0000000008003a00       0x32 Drivers/STM32F4xx_HAL_Driver/Src/stm32f4xx_hal_gpio.o
                0x0000000008003a00                HAL_GPIO_WritePin
 *fill*         0x0000000008003a32        0x2 
 .text.HAL_I2C_Init
                0x0000000008003a34      0x288 Drivers/STM32F4xx_HAL_Driver/Src/stm32f4xx_hal_i2c.o
                0x0000000008003a34                HAL_I2C_Init
 .text.HAL_I2C_Mem_Write
                0x0000000008003cbc      0x1f4 Drivers/STM32F4xx_HAL_Driver/Src/stm32f4xx_hal_i2c.o
                0x0000000008003cbc                HAL_I2C_Mem_Write
 .text.HAL_I2C_Mem_Read
                0x0000000008003eb0      0x44c Drivers/STM32F4xx_HAL_Driver/Src/stm32f4xx_hal_i2c.o
                0x0000000008003eb0                HAL_I2C_Mem_Read
 .text.I2C_RequestMemoryWrite
                0x00000000080042fc      0x12c Drivers/STM32F4xx_HAL_Driver/Src/stm32f4xx_hal_i2c.o
 .text.I2C_RequestMemoryRead
                0x0000000008004428      0x1d0 Drivers/STM32F4xx_HAL_Driver/Src/stm32f4xx_hal_i2c.o
 .text.I2C_WaitOnFlagUntilTimeout
                0x00000000080045f8       0xae Drivers/STM32F4xx_HAL_Driver/Src/stm32f4xx_hal_i2c.o
 .text.I2C_WaitOnMasterAddressFlagUntilTimeout
                0x00000000080046a6       0xfe Drivers/STM32F4xx_HAL_Driver/Src/stm32f4xx_hal_i2c.o
 .text.I2C_WaitOnTXEFlagUntilTimeout
                0x00000000080047a4       0x82 Drivers/STM32F4xx_HAL_Driver/Src/stm32f4xx_hal_i2c.o
 .text.I2C_WaitOnBTFFlagUntilTimeout
                0x0000000008004826       0x82 Drivers/STM32F4xx_HAL_Driver/Src/stm32f4xx_hal_i2c.o
 .text.I2C_WaitOnRXNEFlagUntilTimeout
                0x00000000080048a8       0xac Drivers/STM32F4xx_HAL_Driver/Src/stm32f4xx_hal_i2c.o
 .text.I2C_IsAcknowledgeFailed
                0x0000000008004954       0x5e Drivers/STM32F4xx_HAL_Driver/Src/stm32f4xx_hal_i2c.o
 *fill*         0x00000000080049b2        0x2 
 .text.HAL_RCC_OscConfig
                0x00000000080049b4      0x4f0 Drivers/STM32F4xx_HAL_Driver/Src/stm32f4xx_hal_rcc.o
                0x00000000080049b4                HAL_RCC_OscConfig
 .text.HAL_RCC_ClockConfig
                0x0000000008004ea4      0x1cc Drivers/STM32F4xx_HAL_Driver/Src/stm32f4xx_hal_rcc.o
                0x0000000008004ea4                HAL_RCC_ClockConfig
 .text.HAL_RCC_GetSysClockFreq
                0x0000000008005070      0x1c4 Drivers/STM32F4xx_HAL_Driver/Src/stm32f4xx_hal_rcc.o
                0x0000000008005070                HAL_RCC_GetSysClockFreq
 .text.HAL_RCC_GetHCLKFreq
                0x0000000008005234       0x18 Drivers/STM32F4xx_HAL_Driver/Src/stm32f4xx_hal_rcc.o
                0x0000000008005234                HAL_RCC_GetHCLKFreq
 .text.HAL_RCC_GetPCLK1Freq
                0x000000000800524c       0x28 Drivers/STM32F4xx_HAL_Driver/Src/stm32f4xx_hal_rcc.o
                0x000000000800524c                HAL_RCC_GetPCLK1Freq
 .text.HAL_RCC_GetPCLK2Freq
                0x0000000008005274       0x28 Drivers/STM32F4xx_HAL_Driver/Src/stm32f4xx_hal_rcc.o
                0x0000000008005274                HAL_RCC_GetPCLK2Freq
 .text.HAL_SPI_Init
                0x000000000800529c      0x112 Drivers/STM32F4xx_HAL_Driver/Src/stm32f4xx_hal_spi.o
                0x000000000800529c                HAL_SPI_Init
 .text.HAL_SPI_Transmit
                0x00000000080053ae      0x278 Drivers/STM32F4xx_HAL_Driver/Src/stm32f4xx_hal_spi.o
                0x00000000080053ae                HAL_SPI_Transmit
 *fill*         0x0000000008005626        0x2 
 .text.SPI_WaitFlagStateUntilTimeout
                0x0000000008005628      0x110 Drivers/STM32F4xx_HAL_Driver/Src/stm32f4xx_hal_spi.o
 .text.SPI_EndRxTxTransaction
                0x0000000008005738       0x84 Drivers/STM32F4xx_HAL_Driver/Src/stm32f4xx_hal_spi.o
 .text.HAL_TIM_Base_Init
                0x00000000080057bc       0x9e Drivers/STM32F4xx_HAL_Driver/Src/stm32f4xx_hal_tim.o
                0x00000000080057bc                HAL_TIM_Base_Init
 *fill*         0x000000000800585a        0x2 
 .text.HAL_TIM_Base_Start_IT
                0x000000000800585c       0xc4 Drivers/STM32F4xx_HAL_Driver/Src/stm32f4xx_hal_tim.o
                0x000000000800585c                HAL_TIM_Base_Start_IT
 .text.HAL_TIM_IRQHandler
                0x0000000008005920      0x210 Drivers/STM32F4xx_HAL_Driver/Src/stm32f4xx_hal_tim.o
                0x0000000008005920                HAL_TIM_IRQHandler
 .text.HAL_TIM_OC_DelayElapsedCallback
                0x0000000008005b30       0x14 Drivers/STM32F4xx_HAL_Driver/Src/stm32f4xx_hal_tim.o
                0x0000000008005b30                HAL_TIM_OC_DelayElapsedCallback
 .text.HAL_TIM_IC_CaptureCallback
                0x0000000008005b44       0x14 Drivers/STM32F4xx_HAL_Driver/Src/stm32f4xx_hal_tim.o
                0x0000000008005b44                HAL_TIM_IC_CaptureCallback
 .text.HAL_TIM_PWM_PulseFinishedCallback
                0x0000000008005b58       0x14 Drivers/STM32F4xx_HAL_Driver/Src/stm32f4xx_hal_tim.o
                0x0000000008005b58                HAL_TIM_PWM_PulseFinishedCallback
 .text.HAL_TIM_TriggerCallback
                0x0000000008005b6c       0x14 Drivers/STM32F4xx_HAL_Driver/Src/stm32f4xx_hal_tim.o
                0x0000000008005b6c                HAL_TIM_TriggerCallback
 .text.TIM_Base_SetConfig
                0x0000000008005b80      0x100 Drivers/STM32F4xx_HAL_Driver/Src/stm32f4xx_hal_tim.o
                0x0000000008005b80                TIM_Base_SetConfig
 .text.HAL_TIMEx_CommutCallback
                0x0000000008005c80       0x14 Drivers/STM32F4xx_HAL_Driver/Src/stm32f4xx_hal_tim_ex.o
                0x0000000008005c80                HAL_TIMEx_CommutCallback
 .text.HAL_TIMEx_BreakCallback
                0x0000000008005c94       0x14 Drivers/STM32F4xx_HAL_Driver/Src/stm32f4xx_hal_tim_ex.o
                0x0000000008005c94                HAL_TIMEx_BreakCallback
 .text.HAL_UART_Init
                0x0000000008005ca8       0x9a Drivers/STM32F4xx_HAL_Driver/Src/stm32f4xx_hal_uart.o
                0x0000000008005ca8                HAL_UART_Init
 .text.HAL_UART_Transmit
                0x0000000008005d42      0x124 Drivers/STM32F4xx_HAL_Driver/Src/stm32f4xx_hal_uart.o
                0x0000000008005d42                HAL_UART_Transmit
 *fill*         0x0000000008005e66        0x2 
 .text.HAL_UART_IRQHandler
                0x0000000008005e68      0x358 Drivers/STM32F4xx_HAL_Driver/Src/stm32f4xx_hal_uart.o
                0x0000000008005e68                HAL_UART_IRQHandler
 .text.HAL_UART_TxCpltCallback
                0x00000000080061c0       0x14 Drivers/STM32F4xx_HAL_Driver/Src/stm32f4xx_hal_uart.o
                0x00000000080061c0                HAL_UART_TxCpltCallback
 .text.HAL_UART_RxCpltCallback
                0x00000000080061d4       0x14 Drivers/STM32F4xx_HAL_Driver/Src/stm32f4xx_hal_uart.o
                0x00000000080061d4                HAL_UART_RxCpltCallback
 .text.HAL_UART_ErrorCallback
                0x00000000080061e8       0x14 Drivers/STM32F4xx_HAL_Driver/Src/stm32f4xx_hal_uart.o
                0x00000000080061e8                HAL_UART_ErrorCallback
 .text.HAL_UARTEx_RxEventCallback
                0x00000000080061fc       0x18 Drivers/STM32F4xx_HAL_Driver/Src/stm32f4xx_hal_uart.o
                0x00000000080061fc                HAL_UARTEx_RxEventCallback
 .text.UART_WaitOnFlagUntilTimeout
                0x0000000008006214       0x94 Drivers/STM32F4xx_HAL_Driver/Src/stm32f4xx_hal_uart.o
 .text.UART_EndRxTransfer
                0x00000000080062a8       0x5a Drivers/STM32F4xx_HAL_Driver/Src/stm32f4xx_hal_uart.o
 .text.UART_DMAAbortOnError
                0x0000000008006302       0x28 Drivers/STM32F4xx_HAL_Driver/Src/stm32f4xx_hal_uart.o
 .text.UART_Transmit_IT
                0x000000000800632a       0xa0 Drivers/STM32F4xx_HAL_Driver/Src/stm32f4xx_hal_uart.o
 .text.UART_EndTransmit_IT
                0x00000000080063ca       0x30 Drivers/STM32F4xx_HAL_Driver/Src/stm32f4xx_hal_uart.o
 .text.UART_Receive_IT
                0x00000000080063fa      0x12e Drivers/STM32F4xx_HAL_Driver/Src/stm32f4xx_hal_uart.o
 .text.UART_SetConfig
                0x0000000008006528      0x390 Drivers/STM32F4xx_HAL_Driver/Src/stm32f4xx_hal_uart.o
 .text.__errno  0x00000000080068b8        0xc d:/studia/stm32/ide/stm32cubeide_1.5.1/stm32cubeide/plugins/com.st.stm32cube.ide.mcu.externaltools.gnu-tools-for-stm32.9-2020-q2-update.win32_1.5.0.202011040924/tools/bin/../lib/gcc/arm-none-eabi/9.3.1/../../../../arm-none-eabi/lib/thumb/v7e-m+fp/hard\libc_nano.a(lib_a-errno.o)
                0x00000000080068b8                __errno
 .text.__libc_init_array
                0x00000000080068c4       0x48 d:/studia/stm32/ide/stm32cubeide_1.5.1/stm32cubeide/plugins/com.st.stm32cube.ide.mcu.externaltools.gnu-tools-for-stm32.9-2020-q2-update.win32_1.5.0.202011040924/tools/bin/../lib/gcc/arm-none-eabi/9.3.1/../../../../arm-none-eabi/lib/thumb/v7e-m+fp/hard\libc_nano.a(lib_a-init.o)
                0x00000000080068c4                __libc_init_array
 .text.memset   0x000000000800690c       0x10 d:/studia/stm32/ide/stm32cubeide_1.5.1/stm32cubeide/plugins/com.st.stm32cube.ide.mcu.externaltools.gnu-tools-for-stm32.9-2020-q2-update.win32_1.5.0.202011040924/tools/bin/../lib/gcc/arm-none-eabi/9.3.1/../../../../arm-none-eabi/lib/thumb/v7e-m+fp/hard\libc_nano.a(lib_a-memset.o)
                0x000000000800690c                memset
 .text.__cvt    0x000000000800691c       0xc4 d:/studia/stm32/ide/stm32cubeide_1.5.1/stm32cubeide/plugins/com.st.stm32cube.ide.mcu.externaltools.gnu-tools-for-stm32.9-2020-q2-update.win32_1.5.0.202011040924/tools/bin/../lib/gcc/arm-none-eabi/9.3.1/../../../../arm-none-eabi/lib/thumb/v7e-m+fp/hard\libc_nano.a(lib_a-nano-vfprintf_float.o)
                0x000000000800691c                __cvt
 .text.__exponent
                0x00000000080069e0       0x7c d:/studia/stm32/ide/stm32cubeide_1.5.1/stm32cubeide/plugins/com.st.stm32cube.ide.mcu.externaltools.gnu-tools-for-stm32.9-2020-q2-update.win32_1.5.0.202011040924/tools/bin/../lib/gcc/arm-none-eabi/9.3.1/../../../../arm-none-eabi/lib/thumb/v7e-m+fp/hard\libc_nano.a(lib_a-nano-vfprintf_float.o)
                0x00000000080069e0                __exponent
 .text._printf_float
                0x0000000008006a5c      0x46c d:/studia/stm32/ide/stm32cubeide_1.5.1/stm32cubeide/plugins/com.st.stm32cube.ide.mcu.externaltools.gnu-tools-for-stm32.9-2020-q2-update.win32_1.5.0.202011040924/tools/bin/../lib/gcc/arm-none-eabi/9.3.1/../../../../arm-none-eabi/lib/thumb/v7e-m+fp/hard\libc_nano.a(lib_a-nano-vfprintf_float.o)
                0x0000000008006a5c                _printf_float
 .text._printf_common
                0x0000000008006ec8       0xda d:/studia/stm32/ide/stm32cubeide_1.5.1/stm32cubeide/plugins/com.st.stm32cube.ide.mcu.externaltools.gnu-tools-for-stm32.9-2020-q2-update.win32_1.5.0.202011040924/tools/bin/../lib/gcc/arm-none-eabi/9.3.1/../../../../arm-none-eabi/lib/thumb/v7e-m+fp/hard\libc_nano.a(lib_a-nano-vfprintf_i.o)
                0x0000000008006ec8                _printf_common
 *fill*         0x0000000008006fa2        0x2 
 .text._printf_i
                0x0000000008006fa4      0x24c d:/studia/stm32/ide/stm32cubeide_1.5.1/stm32cubeide/plugins/com.st.stm32cube.ide.mcu.externaltools.gnu-tools-for-stm32.9-2020-q2-update.win32_1.5.0.202011040924/tools/bin/../lib/gcc/arm-none-eabi/9.3.1/../../../../arm-none-eabi/lib/thumb/v7e-m+fp/hard\libc_nano.a(lib_a-nano-vfprintf_i.o)
                0x0000000008006fa4                _printf_i
 .text.printf   0x00000000080071f0       0x30 d:/studia/stm32/ide/stm32cubeide_1.5.1/stm32cubeide/plugins/com.st.stm32cube.ide.mcu.externaltools.gnu-tools-for-stm32.9-2020-q2-update.win32_1.5.0.202011040924/tools/bin/../lib/gcc/arm-none-eabi/9.3.1/../../../../arm-none-eabi/lib/thumb/v7e-m+fp/hard\libc_nano.a(lib_a-printf.o)
                0x00000000080071f0                iprintf
                0x00000000080071f0                printf
 .text.sprintf  0x0000000008007220       0x40 d:/studia/stm32/ide/stm32cubeide_1.5.1/stm32cubeide/plugins/com.st.stm32cube.ide.mcu.externaltools.gnu-tools-for-stm32.9-2020-q2-update.win32_1.5.0.202011040924/tools/bin/../lib/gcc/arm-none-eabi/9.3.1/../../../../arm-none-eabi/lib/thumb/v7e-m+fp/hard\libc_nano.a(lib_a-sprintf.o)
                0x0000000008007220                siprintf
                0x0000000008007220                sprintf
 .text.quorem   0x0000000008007260      0x116 d:/studia/stm32/ide/stm32cubeide_1.5.1/stm32cubeide/plugins/com.st.stm32cube.ide.mcu.externaltools.gnu-tools-for-stm32.9-2020-q2-update.win32_1.5.0.202011040924/tools/bin/../lib/gcc/arm-none-eabi/9.3.1/../../../../arm-none-eabi/lib/thumb/v7e-m+fp/hard\libc_nano.a(lib_a-dtoa.o)
 *fill*         0x0000000008007376        0x2 
 .text._dtoa_r  0x0000000008007378      0xbd8 d:/studia/stm32/ide/stm32cubeide_1.5.1/stm32cubeide/plugins/com.st.stm32cube.ide.mcu.externaltools.gnu-tools-for-stm32.9-2020-q2-update.win32_1.5.0.202011040924/tools/bin/../lib/gcc/arm-none-eabi/9.3.1/../../../../arm-none-eabi/lib/thumb/v7e-m+fp/hard\libc_nano.a(lib_a-dtoa.o)
                0x0000000008007378                _dtoa_r
 .text.std      0x0000000008007f50       0x48 d:/studia/stm32/ide/stm32cubeide_1.5.1/stm32cubeide/plugins/com.st.stm32cube.ide.mcu.externaltools.gnu-tools-for-stm32.9-2020-q2-update.win32_1.5.0.202011040924/tools/bin/../lib/gcc/arm-none-eabi/9.3.1/../../../../arm-none-eabi/lib/thumb/v7e-m+fp/hard\libc_nano.a(lib_a-findfp.o)
 .text._cleanup_r
                0x0000000008007f98        0xc d:/studia/stm32/ide/stm32cubeide_1.5.1/stm32cubeide/plugins/com.st.stm32cube.ide.mcu.externaltools.gnu-tools-for-stm32.9-2020-q2-update.win32_1.5.0.202011040924/tools/bin/../lib/gcc/arm-none-eabi/9.3.1/../../../../arm-none-eabi/lib/thumb/v7e-m+fp/hard\libc_nano.a(lib_a-findfp.o)
                0x0000000008007f98                _cleanup_r
 .text.__sfmoreglue
                0x0000000008007fa4       0x2c d:/studia/stm32/ide/stm32cubeide_1.5.1/stm32cubeide/plugins/com.st.stm32cube.ide.mcu.externaltools.gnu-tools-for-stm32.9-2020-q2-update.win32_1.5.0.202011040924/tools/bin/../lib/gcc/arm-none-eabi/9.3.1/../../../../arm-none-eabi/lib/thumb/v7e-m+fp/hard\libc_nano.a(lib_a-findfp.o)
                0x0000000008007fa4                __sfmoreglue
 .text.__sfp_lock_acquire
                0x0000000008007fd0        0xc d:/studia/stm32/ide/stm32cubeide_1.5.1/stm32cubeide/plugins/com.st.stm32cube.ide.mcu.externaltools.gnu-tools-for-stm32.9-2020-q2-update.win32_1.5.0.202011040924/tools/bin/../lib/gcc/arm-none-eabi/9.3.1/../../../../arm-none-eabi/lib/thumb/v7e-m+fp/hard\libc_nano.a(lib_a-findfp.o)
                0x0000000008007fd0                __sfp_lock_acquire
 .text.__sfp_lock_release
                0x0000000008007fdc        0xc d:/studia/stm32/ide/stm32cubeide_1.5.1/stm32cubeide/plugins/com.st.stm32cube.ide.mcu.externaltools.gnu-tools-for-stm32.9-2020-q2-update.win32_1.5.0.202011040924/tools/bin/../lib/gcc/arm-none-eabi/9.3.1/../../../../arm-none-eabi/lib/thumb/v7e-m+fp/hard\libc_nano.a(lib_a-findfp.o)
                0x0000000008007fdc                __sfp_lock_release
 .text.__sinit_lock_acquire
                0x0000000008007fe8        0xc d:/studia/stm32/ide/stm32cubeide_1.5.1/stm32cubeide/plugins/com.st.stm32cube.ide.mcu.externaltools.gnu-tools-for-stm32.9-2020-q2-update.win32_1.5.0.202011040924/tools/bin/../lib/gcc/arm-none-eabi/9.3.1/../../../../arm-none-eabi/lib/thumb/v7e-m+fp/hard\libc_nano.a(lib_a-findfp.o)
                0x0000000008007fe8                __sinit_lock_acquire
 .text.__sinit_lock_release
                0x0000000008007ff4        0xc d:/studia/stm32/ide/stm32cubeide_1.5.1/stm32cubeide/plugins/com.st.stm32cube.ide.mcu.externaltools.gnu-tools-for-stm32.9-2020-q2-update.win32_1.5.0.202011040924/tools/bin/../lib/gcc/arm-none-eabi/9.3.1/../../../../arm-none-eabi/lib/thumb/v7e-m+fp/hard\libc_nano.a(lib_a-findfp.o)
                0x0000000008007ff4                __sinit_lock_release
 .text.__sinit  0x0000000008008000       0x70 d:/studia/stm32/ide/stm32cubeide_1.5.1/stm32cubeide/plugins/com.st.stm32cube.ide.mcu.externaltools.gnu-tools-for-stm32.9-2020-q2-update.win32_1.5.0.202011040924/tools/bin/../lib/gcc/arm-none-eabi/9.3.1/../../../../arm-none-eabi/lib/thumb/v7e-m+fp/hard\libc_nano.a(lib_a-findfp.o)
                0x0000000008008000                __sinit
 .text.__sfp    0x0000000008008070       0x8c d:/studia/stm32/ide/stm32cubeide_1.5.1/stm32cubeide/plugins/com.st.stm32cube.ide.mcu.externaltools.gnu-tools-for-stm32.9-2020-q2-update.win32_1.5.0.202011040924/tools/bin/../lib/gcc/arm-none-eabi/9.3.1/../../../../arm-none-eabi/lib/thumb/v7e-m+fp/hard\libc_nano.a(lib_a-findfp.o)
                0x0000000008008070                __sfp
 .text._fwalk_reent
                0x00000000080080fc       0x3e d:/studia/stm32/ide/stm32cubeide_1.5.1/stm32cubeide/plugins/com.st.stm32cube.ide.mcu.externaltools.gnu-tools-for-stm32.9-2020-q2-update.win32_1.5.0.202011040924/tools/bin/../lib/gcc/arm-none-eabi/9.3.1/../../../../arm-none-eabi/lib/thumb/v7e-m+fp/hard\libc_nano.a(lib_a-fwalk.o)
                0x00000000080080fc                _fwalk_reent
 *fill*         0x000000000800813a        0x2 
 .text._localeconv_r
                0x000000000800813c        0x8 d:/studia/stm32/ide/stm32cubeide_1.5.1/stm32cubeide/plugins/com.st.stm32cube.ide.mcu.externaltools.gnu-tools-for-stm32.9-2020-q2-update.win32_1.5.0.202011040924/tools/bin/../lib/gcc/arm-none-eabi/9.3.1/../../../../arm-none-eabi/lib/thumb/v7e-m+fp/hard\libc_nano.a(lib_a-localeconv.o)
                0x000000000800813c                _localeconv_r
 .text.__retarget_lock_init_recursive
                0x0000000008008144        0x2 d:/studia/stm32/ide/stm32cubeide_1.5.1/stm32cubeide/plugins/com.st.stm32cube.ide.mcu.externaltools.gnu-tools-for-stm32.9-2020-q2-update.win32_1.5.0.202011040924/tools/bin/../lib/gcc/arm-none-eabi/9.3.1/../../../../arm-none-eabi/lib/thumb/v7e-m+fp/hard\libc_nano.a(lib_a-lock.o)
                0x0000000008008144                __retarget_lock_init_recursive
 .text.__retarget_lock_acquire_recursive
                0x0000000008008146        0x2 d:/studia/stm32/ide/stm32cubeide_1.5.1/stm32cubeide/plugins/com.st.stm32cube.ide.mcu.externaltools.gnu-tools-for-stm32.9-2020-q2-update.win32_1.5.0.202011040924/tools/bin/../lib/gcc/arm-none-eabi/9.3.1/../../../../arm-none-eabi/lib/thumb/v7e-m+fp/hard\libc_nano.a(lib_a-lock.o)
                0x0000000008008146                __retarget_lock_acquire_recursive
 .text.__retarget_lock_release_recursive
                0x0000000008008148        0x2 d:/studia/stm32/ide/stm32cubeide_1.5.1/stm32cubeide/plugins/com.st.stm32cube.ide.mcu.externaltools.gnu-tools-for-stm32.9-2020-q2-update.win32_1.5.0.202011040924/tools/bin/../lib/gcc/arm-none-eabi/9.3.1/../../../../arm-none-eabi/lib/thumb/v7e-m+fp/hard\libc_nano.a(lib_a-lock.o)
                0x0000000008008148                __retarget_lock_release_recursive
 *fill*         0x000000000800814a        0x2 
 .text.malloc   0x000000000800814c       0x10 d:/studia/stm32/ide/stm32cubeide_1.5.1/stm32cubeide/plugins/com.st.stm32cube.ide.mcu.externaltools.gnu-tools-for-stm32.9-2020-q2-update.win32_1.5.0.202011040924/tools/bin/../lib/gcc/arm-none-eabi/9.3.1/../../../../arm-none-eabi/lib/thumb/v7e-m+fp/hard\libc_nano.a(lib_a-malloc.o)
                0x000000000800814c                malloc
 .text.memcpy   0x000000000800815c       0x1c d:/studia/stm32/ide/stm32cubeide_1.5.1/stm32cubeide/plugins/com.st.stm32cube.ide.mcu.externaltools.gnu-tools-for-stm32.9-2020-q2-update.win32_1.5.0.202011040924/tools/bin/../lib/gcc/arm-none-eabi/9.3.1/../../../../arm-none-eabi/lib/thumb/v7e-m+fp/hard\libc_nano.a(lib_a-memcpy-stub.o)
                0x000000000800815c                memcpy
 .text._Balloc  0x0000000008008178       0x80 d:/studia/stm32/ide/stm32cubeide_1.5.1/stm32cubeide/plugins/com.st.stm32cube.ide.mcu.externaltools.gnu-tools-for-stm32.9-2020-q2-update.win32_1.5.0.202011040924/tools/bin/../lib/gcc/arm-none-eabi/9.3.1/../../../../arm-none-eabi/lib/thumb/v7e-m+fp/hard\libc_nano.a(lib_a-mprec.o)
                0x0000000008008178                _Balloc
 .text._Bfree   0x00000000080081f8       0x44 d:/studia/stm32/ide/stm32cubeide_1.5.1/stm32cubeide/plugins/com.st.stm32cube.ide.mcu.externaltools.gnu-tools-for-stm32.9-2020-q2-update.win32_1.5.0.202011040924/tools/bin/../lib/gcc/arm-none-eabi/9.3.1/../../../../arm-none-eabi/lib/thumb/v7e-m+fp/hard\libc_nano.a(lib_a-mprec.o)
                0x00000000080081f8                _Bfree
 .text.__multadd
                0x000000000800823c       0x94 d:/studia/stm32/ide/stm32cubeide_1.5.1/stm32cubeide/plugins/com.st.stm32cube.ide.mcu.externaltools.gnu-tools-for-stm32.9-2020-q2-update.win32_1.5.0.202011040924/tools/bin/../lib/gcc/arm-none-eabi/9.3.1/../../../../arm-none-eabi/lib/thumb/v7e-m+fp/hard\libc_nano.a(lib_a-mprec.o)
                0x000000000800823c                __multadd
 .text.__hi0bits
                0x00000000080082d0       0x40 d:/studia/stm32/ide/stm32cubeide_1.5.1/stm32cubeide/plugins/com.st.stm32cube.ide.mcu.externaltools.gnu-tools-for-stm32.9-2020-q2-update.win32_1.5.0.202011040924/tools/bin/../lib/gcc/arm-none-eabi/9.3.1/../../../../arm-none-eabi/lib/thumb/v7e-m+fp/hard\libc_nano.a(lib_a-mprec.o)
                0x00000000080082d0                __hi0bits
 .text.__lo0bits
                0x0000000008008310       0x60 d:/studia/stm32/ide/stm32cubeide_1.5.1/stm32cubeide/plugins/com.st.stm32cube.ide.mcu.externaltools.gnu-tools-for-stm32.9-2020-q2-update.win32_1.5.0.202011040924/tools/bin/../lib/gcc/arm-none-eabi/9.3.1/../../../../arm-none-eabi/lib/thumb/v7e-m+fp/hard\libc_nano.a(lib_a-mprec.o)
                0x0000000008008310                __lo0bits
 .text.__i2b    0x0000000008008370       0x2c d:/studia/stm32/ide/stm32cubeide_1.5.1/stm32cubeide/plugins/com.st.stm32cube.ide.mcu.externaltools.gnu-tools-for-stm32.9-2020-q2-update.win32_1.5.0.202011040924/tools/bin/../lib/gcc/arm-none-eabi/9.3.1/../../../../arm-none-eabi/lib/thumb/v7e-m+fp/hard\libc_nano.a(lib_a-mprec.o)
                0x0000000008008370                __i2b
 .text.__multiply
                0x000000000800839c      0x14c d:/studia/stm32/ide/stm32cubeide_1.5.1/stm32cubeide/plugins/com.st.stm32cube.ide.mcu.externaltools.gnu-tools-for-stm32.9-2020-q2-update.win32_1.5.0.202011040924/tools/bin/../lib/gcc/arm-none-eabi/9.3.1/../../../../arm-none-eabi/lib/thumb/v7e-m+fp/hard\libc_nano.a(lib_a-mprec.o)
                0x000000000800839c                __multiply
 .text.__pow5mult
                0x00000000080084e8       0xb4 d:/studia/stm32/ide/stm32cubeide_1.5.1/stm32cubeide/plugins/com.st.stm32cube.ide.mcu.externaltools.gnu-tools-for-stm32.9-2020-q2-update.win32_1.5.0.202011040924/tools/bin/../lib/gcc/arm-none-eabi/9.3.1/../../../../arm-none-eabi/lib/thumb/v7e-m+fp/hard\libc_nano.a(lib_a-mprec.o)
                0x00000000080084e8                __pow5mult
 .text.__lshift
                0x000000000800859c       0xd8 d:/studia/stm32/ide/stm32cubeide_1.5.1/stm32cubeide/plugins/com.st.stm32cube.ide.mcu.externaltools.gnu-tools-for-stm32.9-2020-q2-update.win32_1.5.0.202011040924/tools/bin/../lib/gcc/arm-none-eabi/9.3.1/../../../../arm-none-eabi/lib/thumb/v7e-m+fp/hard\libc_nano.a(lib_a-mprec.o)
                0x000000000800859c                __lshift
 .text.__mcmp   0x0000000008008674       0x38 d:/studia/stm32/ide/stm32cubeide_1.5.1/stm32cubeide/plugins/com.st.stm32cube.ide.mcu.externaltools.gnu-tools-for-stm32.9-2020-q2-update.win32_1.5.0.202011040924/tools/bin/../lib/gcc/arm-none-eabi/9.3.1/../../../../arm-none-eabi/lib/thumb/v7e-m+fp/hard\libc_nano.a(lib_a-mprec.o)
                0x0000000008008674                __mcmp
 .text.__mdiff  0x00000000080086ac      0x110 d:/studia/stm32/ide/stm32cubeide_1.5.1/stm32cubeide/plugins/com.st.stm32cube.ide.mcu.externaltools.gnu-tools-for-stm32.9-2020-q2-update.win32_1.5.0.202011040924/tools/bin/../lib/gcc/arm-none-eabi/9.3.1/../../../../arm-none-eabi/lib/thumb/v7e-m+fp/hard\libc_nano.a(lib_a-mprec.o)
                0x00000000080086ac                __mdiff
 .text.__d2b    0x00000000080087bc       0xb8 d:/studia/stm32/ide/stm32cubeide_1.5.1/stm32cubeide/plugins/com.st.stm32cube.ide.mcu.externaltools.gnu-tools-for-stm32.9-2020-q2-update.win32_1.5.0.202011040924/tools/bin/../lib/gcc/arm-none-eabi/9.3.1/../../../../arm-none-eabi/lib/thumb/v7e-m+fp/hard\libc_nano.a(lib_a-mprec.o)
                0x00000000080087bc                __d2b
 .text._calloc_r
                0x0000000008008874       0x1e d:/studia/stm32/ide/stm32cubeide_1.5.1/stm32cubeide/plugins/com.st.stm32cube.ide.mcu.externaltools.gnu-tools-for-stm32.9-2020-q2-update.win32_1.5.0.202011040924/tools/bin/../lib/gcc/arm-none-eabi/9.3.1/../../../../arm-none-eabi/lib/thumb/v7e-m+fp/hard\libc_nano.a(lib_a-nano-callocr.o)
                0x0000000008008874                _calloc_r
 *fill*         0x0000000008008892        0x2 
 .text._free_r  0x0000000008008894       0xa0 d:/studia/stm32/ide/stm32cubeide_1.5.1/stm32cubeide/plugins/com.st.stm32cube.ide.mcu.externaltools.gnu-tools-for-stm32.9-2020-q2-update.win32_1.5.0.202011040924/tools/bin/../lib/gcc/arm-none-eabi/9.3.1/../../../../arm-none-eabi/lib/thumb/v7e-m+fp/hard\libc_nano.a(lib_a-nano-freer.o)
                0x0000000008008894                _free_r
 .text._malloc_r
                0x0000000008008934       0xb4 d:/studia/stm32/ide/stm32cubeide_1.5.1/stm32cubeide/plugins/com.st.stm32cube.ide.mcu.externaltools.gnu-tools-for-stm32.9-2020-q2-update.win32_1.5.0.202011040924/tools/bin/../lib/gcc/arm-none-eabi/9.3.1/../../../../arm-none-eabi/lib/thumb/v7e-m+fp/hard\libc_nano.a(lib_a-nano-mallocr.o)
                0x0000000008008934                _malloc_r
 .text.__ssputs_r
                0x00000000080089e8       0xb6 d:/studia/stm32/ide/stm32cubeide_1.5.1/stm32cubeide/plugins/com.st.stm32cube.ide.mcu.externaltools.gnu-tools-for-stm32.9-2020-q2-update.win32_1.5.0.202011040924/tools/bin/../lib/gcc/arm-none-eabi/9.3.1/../../../../arm-none-eabi/lib/thumb/v7e-m+fp/hard\libc_nano.a(lib_a-nano-svfprintf.o)
                0x00000000080089e8                __ssputs_r
 *fill*         0x0000000008008a9e        0x2 
 .text._svfprintf_r
                0x0000000008008aa0      0x200 d:/studia/stm32/ide/stm32cubeide_1.5.1/stm32cubeide/plugins/com.st.stm32cube.ide.mcu.externaltools.gnu-tools-for-stm32.9-2020-q2-update.win32_1.5.0.202011040924/tools/bin/../lib/gcc/arm-none-eabi/9.3.1/../../../../arm-none-eabi/lib/thumb/v7e-m+fp/hard\libc_nano.a(lib_a-nano-svfprintf.o)
                0x0000000008008aa0                _svfiprintf_r
                0x0000000008008aa0                _svfprintf_r
 .text.__sfputc_r
                0x0000000008008ca0       0x2e d:/studia/stm32/ide/stm32cubeide_1.5.1/stm32cubeide/plugins/com.st.stm32cube.ide.mcu.externaltools.gnu-tools-for-stm32.9-2020-q2-update.win32_1.5.0.202011040924/tools/bin/../lib/gcc/arm-none-eabi/9.3.1/../../../../arm-none-eabi/lib/thumb/v7e-m+fp/hard\libc_nano.a(lib_a-nano-vfprintf.o)
 .text.__sfputs_r
                0x0000000008008cce       0x24 d:/studia/stm32/ide/stm32cubeide_1.5.1/stm32cubeide/plugins/com.st.stm32cube.ide.mcu.externaltools.gnu-tools-for-stm32.9-2020-q2-update.win32_1.5.0.202011040924/tools/bin/../lib/gcc/arm-none-eabi/9.3.1/../../../../arm-none-eabi/lib/thumb/v7e-m+fp/hard\libc_nano.a(lib_a-nano-vfprintf.o)
                0x0000000008008cce                __sfputs_r
 *fill*         0x0000000008008cf2        0x2 
 .text._vfprintf_r
                0x0000000008008cf4      0x260 d:/studia/stm32/ide/stm32cubeide_1.5.1/stm32cubeide/plugins/com.st.stm32cube.ide.mcu.externaltools.gnu-tools-for-stm32.9-2020-q2-update.win32_1.5.0.202011040924/tools/bin/../lib/gcc/arm-none-eabi/9.3.1/../../../../arm-none-eabi/lib/thumb/v7e-m+fp/hard\libc_nano.a(lib_a-nano-vfprintf.o)
                0x0000000008008cf4                _vfprintf_r
                0x0000000008008cf4                _vfiprintf_r
 .text._sbrk_r  0x0000000008008f54       0x20 d:/studia/stm32/ide/stm32cubeide_1.5.1/stm32cubeide/plugins/com.st.stm32cube.ide.mcu.externaltools.gnu-tools-for-stm32.9-2020-q2-update.win32_1.5.0.202011040924/tools/bin/../lib/gcc/arm-none-eabi/9.3.1/../../../../arm-none-eabi/lib/thumb/v7e-m+fp/hard\libc_nano.a(lib_a-sbrkr.o)
                0x0000000008008f54                _sbrk_r
 .text.__sread  0x0000000008008f74       0x22 d:/studia/stm32/ide/stm32cubeide_1.5.1/stm32cubeide/plugins/com.st.stm32cube.ide.mcu.externaltools.gnu-tools-for-stm32.9-2020-q2-update.win32_1.5.0.202011040924/tools/bin/../lib/gcc/arm-none-eabi/9.3.1/../../../../arm-none-eabi/lib/thumb/v7e-m+fp/hard\libc_nano.a(lib_a-stdio.o)
                0x0000000008008f74                __sread
 .text.__swrite
                0x0000000008008f96       0x38 d:/studia/stm32/ide/stm32cubeide_1.5.1/stm32cubeide/plugins/com.st.stm32cube.ide.mcu.externaltools.gnu-tools-for-stm32.9-2020-q2-update.win32_1.5.0.202011040924/tools/bin/../lib/gcc/arm-none-eabi/9.3.1/../../../../arm-none-eabi/lib/thumb/v7e-m+fp/hard\libc_nano.a(lib_a-stdio.o)
                0x0000000008008f96                __swrite
 .text.__sseek  0x0000000008008fce       0x24 d:/studia/stm32/ide/stm32cubeide_1.5.1/stm32cubeide/plugins/com.st.stm32cube.ide.mcu.externaltools.gnu-tools-for-stm32.9-2020-q2-update.win32_1.5.0.202011040924/tools/bin/../lib/gcc/arm-none-eabi/9.3.1/../../../../arm-none-eabi/lib/thumb/v7e-m+fp/hard\libc_nano.a(lib_a-stdio.o)
                0x0000000008008fce                __sseek
 .text.__sclose
                0x0000000008008ff2        0x8 d:/studia/stm32/ide/stm32cubeide_1.5.1/stm32cubeide/plugins/com.st.stm32cube.ide.mcu.externaltools.gnu-tools-for-stm32.9-2020-q2-update.win32_1.5.0.202011040924/tools/bin/../lib/gcc/arm-none-eabi/9.3.1/../../../../arm-none-eabi/lib/thumb/v7e-m+fp/hard\libc_nano.a(lib_a-stdio.o)
                0x0000000008008ff2                __sclose
 *fill*         0x0000000008008ffa        0x2 
 .text.__swbuf_r
                0x0000000008008ffc       0xa4 d:/studia/stm32/ide/stm32cubeide_1.5.1/stm32cubeide/plugins/com.st.stm32cube.ide.mcu.externaltools.gnu-tools-for-stm32.9-2020-q2-update.win32_1.5.0.202011040924/tools/bin/../lib/gcc/arm-none-eabi/9.3.1/../../../../arm-none-eabi/lib/thumb/v7e-m+fp/hard\libc_nano.a(lib_a-wbuf.o)
                0x0000000008008ffc                __swbuf_r
 .text._write_r
                0x00000000080090a0       0x24 d:/studia/stm32/ide/stm32cubeide_1.5.1/stm32cubeide/plugins/com.st.stm32cube.ide.mcu.externaltools.gnu-tools-for-stm32.9-2020-q2-update.win32_1.5.0.202011040924/tools/bin/../lib/gcc/arm-none-eabi/9.3.1/../../../../arm-none-eabi/lib/thumb/v7e-m+fp/hard\libc_nano.a(lib_a-writer.o)
                0x00000000080090a0                _write_r
 .text.__swsetup_r
                0x00000000080090c4       0xdc d:/studia/stm32/ide/stm32cubeide_1.5.1/stm32cubeide/plugins/com.st.stm32cube.ide.mcu.externaltools.gnu-tools-for-stm32.9-2020-q2-update.win32_1.5.0.202011040924/tools/bin/../lib/gcc/arm-none-eabi/9.3.1/../../../../arm-none-eabi/lib/thumb/v7e-m+fp/hard\libc_nano.a(lib_a-wsetup.o)
                0x00000000080090c4                __swsetup_r
 .text.__assert_func
                0x00000000080091a0       0x3c d:/studia/stm32/ide/stm32cubeide_1.5.1/stm32cubeide/plugins/com.st.stm32cube.ide.mcu.externaltools.gnu-tools-for-stm32.9-2020-q2-update.win32_1.5.0.202011040924/tools/bin/../lib/gcc/arm-none-eabi/9.3.1/../../../../arm-none-eabi/lib/thumb/v7e-m+fp/hard\libc_nano.a(lib_a-assert.o)
                0x00000000080091a0                __assert_func
 .text._close_r
                0x00000000080091dc       0x20 d:/studia/stm32/ide/stm32cubeide_1.5.1/stm32cubeide/plugins/com.st.stm32cube.ide.mcu.externaltools.gnu-tools-for-stm32.9-2020-q2-update.win32_1.5.0.202011040924/tools/bin/../lib/gcc/arm-none-eabi/9.3.1/../../../../arm-none-eabi/lib/thumb/v7e-m+fp/hard\libc_nano.a(lib_a-closer.o)
                0x00000000080091dc                _close_r
 .text.__sflush_r
                0x00000000080091fc      0x10c d:/studia/stm32/ide/stm32cubeide_1.5.1/stm32cubeide/plugins/com.st.stm32cube.ide.mcu.externaltools.gnu-tools-for-stm32.9-2020-q2-update.win32_1.5.0.202011040924/tools/bin/../lib/gcc/arm-none-eabi/9.3.1/../../../../arm-none-eabi/lib/thumb/v7e-m+fp/hard\libc_nano.a(lib_a-fflush.o)
                0x00000000080091fc                __sflush_r
 .text._fflush_r
                0x0000000008009308       0x78 d:/studia/stm32/ide/stm32cubeide_1.5.1/stm32cubeide/plugins/com.st.stm32cube.ide.mcu.externaltools.gnu-tools-for-stm32.9-2020-q2-update.win32_1.5.0.202011040924/tools/bin/../lib/gcc/arm-none-eabi/9.3.1/../../../../arm-none-eabi/lib/thumb/v7e-m+fp/hard\libc_nano.a(lib_a-fflush.o)
                0x0000000008009308                _fflush_r
 .text.fprintf  0x0000000008009380       0x24 d:/studia/stm32/ide/stm32cubeide_1.5.1/stm32cubeide/plugins/com.st.stm32cube.ide.mcu.externaltools.gnu-tools-for-stm32.9-2020-q2-update.win32_1.5.0.202011040924/tools/bin/../lib/gcc/arm-none-eabi/9.3.1/../../../../arm-none-eabi/lib/thumb/v7e-m+fp/hard\libc_nano.a(lib_a-fprintf.o)
                0x0000000008009380                fiprintf
                0x0000000008009380                fprintf
 .text._lseek_r
                0x00000000080093a4       0x24 d:/studia/stm32/ide/stm32cubeide_1.5.1/stm32cubeide/plugins/com.st.stm32cube.ide.mcu.externaltools.gnu-tools-for-stm32.9-2020-q2-update.win32_1.5.0.202011040924/tools/bin/../lib/gcc/arm-none-eabi/9.3.1/../../../../arm-none-eabi/lib/thumb/v7e-m+fp/hard\libc_nano.a(lib_a-lseekr.o)
                0x00000000080093a4                _lseek_r
 .text.__swhatbuf_r
                0x00000000080093c8       0x48 d:/studia/stm32/ide/stm32cubeide_1.5.1/stm32cubeide/plugins/com.st.stm32cube.ide.mcu.externaltools.gnu-tools-for-stm32.9-2020-q2-update.win32_1.5.0.202011040924/tools/bin/../lib/gcc/arm-none-eabi/9.3.1/../../../../arm-none-eabi/lib/thumb/v7e-m+fp/hard\libc_nano.a(lib_a-makebuf.o)
                0x00000000080093c8                __swhatbuf_r
 .text.__smakebuf_r
                0x0000000008009410       0x80 d:/studia/stm32/ide/stm32cubeide_1.5.1/stm32cubeide/plugins/com.st.stm32cube.ide.mcu.externaltools.gnu-tools-for-stm32.9-2020-q2-update.win32_1.5.0.202011040924/tools/bin/../lib/gcc/arm-none-eabi/9.3.1/../../../../arm-none-eabi/lib/thumb/v7e-m+fp/hard\libc_nano.a(lib_a-makebuf.o)
                0x0000000008009410                __smakebuf_r
 .text.__ascii_mbtowc
                0x0000000008009490       0x24 d:/studia/stm32/ide/stm32cubeide_1.5.1/stm32cubeide/plugins/com.st.stm32cube.ide.mcu.externaltools.gnu-tools-for-stm32.9-2020-q2-update.win32_1.5.0.202011040924/tools/bin/../lib/gcc/arm-none-eabi/9.3.1/../../../../arm-none-eabi/lib/thumb/v7e-m+fp/hard\libc_nano.a(lib_a-mbtowc_r.o)
                0x0000000008009490                __ascii_mbtowc
 .text.memmove  0x00000000080094b4       0x34 d:/studia/stm32/ide/stm32cubeide_1.5.1/stm32cubeide/plugins/com.st.stm32cube.ide.mcu.externaltools.gnu-tools-for-stm32.9-2020-q2-update.win32_1.5.0.202011040924/tools/bin/../lib/gcc/arm-none-eabi/9.3.1/../../../../arm-none-eabi/lib/thumb/v7e-m+fp/hard\libc_nano.a(lib_a-memmove.o)
                0x00000000080094b4                memmove
 .text.__malloc_lock
                0x00000000080094e8        0xc d:/studia/stm32/ide/stm32cubeide_1.5.1/stm32cubeide/plugins/com.st.stm32cube.ide.mcu.externaltools.gnu-tools-for-stm32.9-2020-q2-update.win32_1.5.0.202011040924/tools/bin/../lib/gcc/arm-none-eabi/9.3.1/../../../../arm-none-eabi/lib/thumb/v7e-m+fp/hard\libc_nano.a(lib_a-mlock.o)
                0x00000000080094e8                __malloc_lock
 .text.__malloc_unlock
                0x00000000080094f4        0xc d:/studia/stm32/ide/stm32cubeide_1.5.1/stm32cubeide/plugins/com.st.stm32cube.ide.mcu.externaltools.gnu-tools-for-stm32.9-2020-q2-update.win32_1.5.0.202011040924/tools/bin/../lib/gcc/arm-none-eabi/9.3.1/../../../../arm-none-eabi/lib/thumb/v7e-m+fp/hard\libc_nano.a(lib_a-mlock.o)
                0x00000000080094f4                __malloc_unlock
 .text._realloc_r
                0x0000000008009500       0x4c d:/studia/stm32/ide/stm32cubeide_1.5.1/stm32cubeide/plugins/com.st.stm32cube.ide.mcu.externaltools.gnu-tools-for-stm32.9-2020-q2-update.win32_1.5.0.202011040924/tools/bin/../lib/gcc/arm-none-eabi/9.3.1/../../../../arm-none-eabi/lib/thumb/v7e-m+fp/hard\libc_nano.a(lib_a-nano-reallocr.o)
                0x0000000008009500                _realloc_r
 .text._read_r  0x000000000800954c       0x24 d:/studia/stm32/ide/stm32cubeide_1.5.1/stm32cubeide/plugins/com.st.stm32cube.ide.mcu.externaltools.gnu-tools-for-stm32.9-2020-q2-update.win32_1.5.0.202011040924/tools/bin/../lib/gcc/arm-none-eabi/9.3.1/../../../../arm-none-eabi/lib/thumb/v7e-m+fp/hard\libc_nano.a(lib_a-readr.o)
                0x000000000800954c                _read_r
 .text.__ascii_wctomb
                0x0000000008009570       0x1a d:/studia/stm32/ide/stm32cubeide_1.5.1/stm32cubeide/plugins/com.st.stm32cube.ide.mcu.externaltools.gnu-tools-for-stm32.9-2020-q2-update.win32_1.5.0.202011040924/tools/bin/../lib/gcc/arm-none-eabi/9.3.1/../../../../arm-none-eabi/lib/thumb/v7e-m+fp/hard\libc_nano.a(lib_a-wctomb_r.o)
                0x0000000008009570                __ascii_wctomb
 .text.abort    0x000000000800958a        0xe d:/studia/stm32/ide/stm32cubeide_1.5.1/stm32cubeide/plugins/com.st.stm32cube.ide.mcu.externaltools.gnu-tools-for-stm32.9-2020-q2-update.win32_1.5.0.202011040924/tools/bin/../lib/gcc/arm-none-eabi/9.3.1/../../../../arm-none-eabi/lib/thumb/v7e-m+fp/hard\libc_nano.a(lib_a-abort.o)
                0x000000000800958a                abort
 .text._fstat_r
                0x0000000008009598       0x24 d:/studia/stm32/ide/stm32cubeide_1.5.1/stm32cubeide/plugins/com.st.stm32cube.ide.mcu.externaltools.gnu-tools-for-stm32.9-2020-q2-update.win32_1.5.0.202011040924/tools/bin/../lib/gcc/arm-none-eabi/9.3.1/../../../../arm-none-eabi/lib/thumb/v7e-m+fp/hard\libc_nano.a(lib_a-fstatr.o)
                0x0000000008009598                _fstat_r
 .text._isatty_r
                0x00000000080095bc       0x20 d:/studia/stm32/ide/stm32cubeide_1.5.1/stm32cubeide/plugins/com.st.stm32cube.ide.mcu.externaltools.gnu-tools-for-stm32.9-2020-q2-update.win32_1.5.0.202011040924/tools/bin/../lib/gcc/arm-none-eabi/9.3.1/../../../../arm-none-eabi/lib/thumb/v7e-m+fp/hard\libc_nano.a(lib_a-isattyr.o)
                0x00000000080095bc                _isatty_r
 .text._malloc_usable_size_r
                0x00000000080095dc       0x10 d:/studia/stm32/ide/stm32cubeide_1.5.1/stm32cubeide/plugins/com.st.stm32cube.ide.mcu.externaltools.gnu-tools-for-stm32.9-2020-q2-update.win32_1.5.0.202011040924/tools/bin/../lib/gcc/arm-none-eabi/9.3.1/../../../../arm-none-eabi/lib/thumb/v7e-m+fp/hard\libc_nano.a(lib_a-nano-msizer.o)
                0x00000000080095dc                _malloc_usable_size_r
 .text._raise_r
                0x00000000080095ec       0x50 d:/studia/stm32/ide/stm32cubeide_1.5.1/stm32cubeide/plugins/com.st.stm32cube.ide.mcu.externaltools.gnu-tools-for-stm32.9-2020-q2-update.win32_1.5.0.202011040924/tools/bin/../lib/gcc/arm-none-eabi/9.3.1/../../../../arm-none-eabi/lib/thumb/v7e-m+fp/hard\libc_nano.a(lib_a-signal.o)
                0x00000000080095ec                _raise_r
 .text.raise    0x000000000800963c       0x10 d:/studia/stm32/ide/stm32cubeide_1.5.1/stm32cubeide/plugins/com.st.stm32cube.ide.mcu.externaltools.gnu-tools-for-stm32.9-2020-q2-update.win32_1.5.0.202011040924/tools/bin/../lib/gcc/arm-none-eabi/9.3.1/../../../../arm-none-eabi/lib/thumb/v7e-m+fp/hard\libc_nano.a(lib_a-signal.o)
                0x000000000800963c                raise
 .text._kill_r  0x000000000800964c       0x24 d:/studia/stm32/ide/stm32cubeide_1.5.1/stm32cubeide/plugins/com.st.stm32cube.ide.mcu.externaltools.gnu-tools-for-stm32.9-2020-q2-update.win32_1.5.0.202011040924/tools/bin/../lib/gcc/arm-none-eabi/9.3.1/../../../../arm-none-eabi/lib/thumb/v7e-m+fp/hard\libc_nano.a(lib_a-signalr.o)
                0x000000000800964c                _kill_r
 .text._getpid_r
                0x0000000008009670        0x4 d:/studia/stm32/ide/stm32cubeide_1.5.1/stm32cubeide/plugins/com.st.stm32cube.ide.mcu.externaltools.gnu-tools-for-stm32.9-2020-q2-update.win32_1.5.0.202011040924/tools/bin/../lib/gcc/arm-none-eabi/9.3.1/../../../../arm-none-eabi/lib/thumb/v7e-m+fp/hard\libc_nano.a(lib_a-signalr.o)
                0x0000000008009670                _getpid_r
 *(.glue_7)
 .glue_7        0x0000000008009674        0x0 linker stubs
 *(.glue_7t)
 .glue_7t       0x0000000008009674        0x0 linker stubs
 *(.eh_frame)
 .eh_frame      0x0000000008009674        0x0 d:/studia/stm32/ide/stm32cubeide_1.5.1/stm32cubeide/plugins/com.st.stm32cube.ide.mcu.externaltools.gnu-tools-for-stm32.9-2020-q2-update.win32_1.5.0.202011040924/tools/bin/../lib/gcc/arm-none-eabi/9.3.1/thumb/v7e-m+fp/hard/crtbegin.o
 *(.init)
 .init          0x0000000008009674        0x4 d:/studia/stm32/ide/stm32cubeide_1.5.1/stm32cubeide/plugins/com.st.stm32cube.ide.mcu.externaltools.gnu-tools-for-stm32.9-2020-q2-update.win32_1.5.0.202011040924/tools/bin/../lib/gcc/arm-none-eabi/9.3.1/thumb/v7e-m+fp/hard/crti.o
                0x0000000008009674                _init
 .init          0x0000000008009678        0x8 d:/studia/stm32/ide/stm32cubeide_1.5.1/stm32cubeide/plugins/com.st.stm32cube.ide.mcu.externaltools.gnu-tools-for-stm32.9-2020-q2-update.win32_1.5.0.202011040924/tools/bin/../lib/gcc/arm-none-eabi/9.3.1/thumb/v7e-m+fp/hard/crtn.o
 *(.fini)
 .fini          0x0000000008009680        0x4 d:/studia/stm32/ide/stm32cubeide_1.5.1/stm32cubeide/plugins/com.st.stm32cube.ide.mcu.externaltools.gnu-tools-for-stm32.9-2020-q2-update.win32_1.5.0.202011040924/tools/bin/../lib/gcc/arm-none-eabi/9.3.1/thumb/v7e-m+fp/hard/crti.o
                0x0000000008009680                _fini
 .fini          0x0000000008009684        0x8 d:/studia/stm32/ide/stm32cubeide_1.5.1/stm32cubeide/plugins/com.st.stm32cube.ide.mcu.externaltools.gnu-tools-for-stm32.9-2020-q2-update.win32_1.5.0.202011040924/tools/bin/../lib/gcc/arm-none-eabi/9.3.1/thumb/v7e-m+fp/hard/crtn.o
                0x000000000800968c                . = ALIGN (0x4)
                0x000000000800968c                _etext = .

.vfp11_veneer   0x000000000800968c        0x0
 .vfp11_veneer  0x000000000800968c        0x0 linker stubs

.v4_bx          0x000000000800968c        0x0
 .v4_bx         0x000000000800968c        0x0 linker stubs

.iplt           0x000000000800968c        0x0
 .iplt          0x000000000800968c        0x0 d:/studia/stm32/ide/stm32cubeide_1.5.1/stm32cubeide/plugins/com.st.stm32cube.ide.mcu.externaltools.gnu-tools-for-stm32.9-2020-q2-update.win32_1.5.0.202011040924/tools/bin/../lib/gcc/arm-none-eabi/9.3.1/thumb/v7e-m+fp/hard/crtbegin.o

.rodata         0x0000000008009690     0x2e34
                0x0000000008009690                . = ALIGN (0x4)
 *(.rodata)
 .rodata        0x0000000008009690       0xdd Core/Src/onScreen.o
 *fill*         0x000000000800976d        0x3 
 .rodata        0x0000000008009770       0xce Core/Src/usart.o
 *(.rodata*)
 *fill*         0x000000000800983e        0x2 
 .rodata.init_cmds1
                0x0000000008009840       0x38 Core/Src/ST7735.o
                0x0000000008009840                init_cmds1
 .rodata.init_cmds2
                0x0000000008009878        0xd Core/Src/ST7735.o
                0x0000000008009878                init_cmds2
 *fill*         0x0000000008009885        0x3 
 .rodata.init_cmds3
                0x0000000008009888       0x2b Core/Src/ST7735.o
                0x0000000008009888                init_cmds3
 *fill*         0x00000000080098b3        0x1 
 .rodata.Font7x10
                0x00000000080098b4      0x76c Core/Src/fonts.o
 .rodata.Font11x18
                0x000000000800a020      0xd5c Core/Src/fonts.o
 .rodata.Font16x26
                0x000000000800ad7c     0x134c Core/Src/fonts.o
 .rodata.AHBPrescTable
                0x000000000800c0c8       0x10 Core/Src/system_stm32f4xx.o
                0x000000000800c0c8                AHBPrescTable
 .rodata.APBPrescTable
                0x000000000800c0d8        0x8 Core/Src/system_stm32f4xx.o
                0x000000000800c0d8                APBPrescTable
 .rodata._global_impure_ptr
                0x000000000800c0e0        0x4 d:/studia/stm32/ide/stm32cubeide_1.5.1/stm32cubeide/plugins/com.st.stm32cube.ide.mcu.externaltools.gnu-tools-for-stm32.9-2020-q2-update.win32_1.5.0.202011040924/tools/bin/../lib/gcc/arm-none-eabi/9.3.1/../../../../arm-none-eabi/lib/thumb/v7e-m+fp/hard\libc_nano.a(lib_a-impure.o)
                0x000000000800c0e0                _global_impure_ptr
 .rodata._printf_float.str1.1
                0x000000000800c0e4       0x12 d:/studia/stm32/ide/stm32cubeide_1.5.1/stm32cubeide/plugins/com.st.stm32cube.ide.mcu.externaltools.gnu-tools-for-stm32.9-2020-q2-update.win32_1.5.0.202011040924/tools/bin/../lib/gcc/arm-none-eabi/9.3.1/../../../../arm-none-eabi/lib/thumb/v7e-m+fp/hard\libc_nano.a(lib_a-nano-vfprintf_float.o)
 .rodata._printf_i.str1.1
                0x000000000800c0f6       0x22 d:/studia/stm32/ide/stm32cubeide_1.5.1/stm32cubeide/plugins/com.st.stm32cube.ide.mcu.externaltools.gnu-tools-for-stm32.9-2020-q2-update.win32_1.5.0.202011040924/tools/bin/../lib/gcc/arm-none-eabi/9.3.1/../../../../arm-none-eabi/lib/thumb/v7e-m+fp/hard\libc_nano.a(lib_a-nano-vfprintf_i.o)
 .rodata._dtoa_r.str1.1
                0x000000000800c118       0x94 d:/studia/stm32/ide/stm32cubeide_1.5.1/stm32cubeide/plugins/com.st.stm32cube.ide.mcu.externaltools.gnu-tools-for-stm32.9-2020-q2-update.win32_1.5.0.202011040924/tools/bin/../lib/gcc/arm-none-eabi/9.3.1/../../../../arm-none-eabi/lib/thumb/v7e-m+fp/hard\libc_nano.a(lib_a-dtoa.o)
                                         0x96 (size before relaxing)
 .rodata.__sf_fake_stderr
                0x000000000800c1ac       0x20 d:/studia/stm32/ide/stm32cubeide_1.5.1/stm32cubeide/plugins/com.st.stm32cube.ide.mcu.externaltools.gnu-tools-for-stm32.9-2020-q2-update.win32_1.5.0.202011040924/tools/bin/../lib/gcc/arm-none-eabi/9.3.1/../../../../arm-none-eabi/lib/thumb/v7e-m+fp/hard\libc_nano.a(lib_a-findfp.o)
                0x000000000800c1ac                __sf_fake_stderr
 .rodata.__sf_fake_stdin
                0x000000000800c1cc       0x20 d:/studia/stm32/ide/stm32cubeide_1.5.1/stm32cubeide/plugins/com.st.stm32cube.ide.mcu.externaltools.gnu-tools-for-stm32.9-2020-q2-update.win32_1.5.0.202011040924/tools/bin/../lib/gcc/arm-none-eabi/9.3.1/../../../../arm-none-eabi/lib/thumb/v7e-m+fp/hard\libc_nano.a(lib_a-findfp.o)
                0x000000000800c1cc                __sf_fake_stdin
 .rodata.__sf_fake_stdout
                0x000000000800c1ec       0x20 d:/studia/stm32/ide/stm32cubeide_1.5.1/stm32cubeide/plugins/com.st.stm32cube.ide.mcu.externaltools.gnu-tools-for-stm32.9-2020-q2-update.win32_1.5.0.202011040924/tools/bin/../lib/gcc/arm-none-eabi/9.3.1/../../../../arm-none-eabi/lib/thumb/v7e-m+fp/hard\libc_nano.a(lib_a-findfp.o)
                0x000000000800c1ec                __sf_fake_stdout
 .rodata._Balloc.str1.1
                0x000000000800c20c       0x60 d:/studia/stm32/ide/stm32cubeide_1.5.1/stm32cubeide/plugins/com.st.stm32cube.ide.mcu.externaltools.gnu-tools-for-stm32.9-2020-q2-update.win32_1.5.0.202011040924/tools/bin/../lib/gcc/arm-none-eabi/9.3.1/../../../../arm-none-eabi/lib/thumb/v7e-m+fp/hard\libc_nano.a(lib_a-mprec.o)
                                         0x77 (size before relaxing)
 .rodata.__multadd.str1.1
                0x000000000800c26c       0x11 d:/studia/stm32/ide/stm32cubeide_1.5.1/stm32cubeide/plugins/com.st.stm32cube.ide.mcu.externaltools.gnu-tools-for-stm32.9-2020-q2-update.win32_1.5.0.202011040924/tools/bin/../lib/gcc/arm-none-eabi/9.3.1/../../../../arm-none-eabi/lib/thumb/v7e-m+fp/hard\libc_nano.a(lib_a-mprec.o)
 *fill*         0x000000000800c26c        0x4 
 .rodata.__mprec_bigtens
                0x000000000800c270       0x28 d:/studia/stm32/ide/stm32cubeide_1.5.1/stm32cubeide/plugins/com.st.stm32cube.ide.mcu.externaltools.gnu-tools-for-stm32.9-2020-q2-update.win32_1.5.0.202011040924/tools/bin/../lib/gcc/arm-none-eabi/9.3.1/../../../../arm-none-eabi/lib/thumb/v7e-m+fp/hard\libc_nano.a(lib_a-mprec.o)
                0x000000000800c270                __mprec_bigtens
 .rodata.__mprec_tens
                0x000000000800c298       0xc8 d:/studia/stm32/ide/stm32cubeide_1.5.1/stm32cubeide/plugins/com.st.stm32cube.ide.mcu.externaltools.gnu-tools-for-stm32.9-2020-q2-update.win32_1.5.0.202011040924/tools/bin/../lib/gcc/arm-none-eabi/9.3.1/../../../../arm-none-eabi/lib/thumb/v7e-m+fp/hard\libc_nano.a(lib_a-mprec.o)
                0x000000000800c298                __mprec_tens
 .rodata.p05.7513
                0x000000000800c360        0xc d:/studia/stm32/ide/stm32cubeide_1.5.1/stm32cubeide/plugins/com.st.stm32cube.ide.mcu.externaltools.gnu-tools-for-stm32.9-2020-q2-update.win32_1.5.0.202011040924/tools/bin/../lib/gcc/arm-none-eabi/9.3.1/../../../../arm-none-eabi/lib/thumb/v7e-m+fp/hard\libc_nano.a(lib_a-mprec.o)
 .rodata._svfprintf_r.str1.1
                0x000000000800c36c       0x11 d:/studia/stm32/ide/stm32cubeide_1.5.1/stm32cubeide/plugins/com.st.stm32cube.ide.mcu.externaltools.gnu-tools-for-stm32.9-2020-q2-update.win32_1.5.0.202011040924/tools/bin/../lib/gcc/arm-none-eabi/9.3.1/../../../../arm-none-eabi/lib/thumb/v7e-m+fp/hard\libc_nano.a(lib_a-nano-svfprintf.o)
 .rodata._vfprintf_r.str1.1
                0x000000000800c37d       0x11 d:/studia/stm32/ide/stm32cubeide_1.5.1/stm32cubeide/plugins/com.st.stm32cube.ide.mcu.externaltools.gnu-tools-for-stm32.9-2020-q2-update.win32_1.5.0.202011040924/tools/bin/../lib/gcc/arm-none-eabi/9.3.1/../../../../arm-none-eabi/lib/thumb/v7e-m+fp/hard\libc_nano.a(lib_a-nano-vfprintf.o)
 .rodata.__assert_func.str1.1
                0x000000000800c37d       0x3c d:/studia/stm32/ide/stm32cubeide_1.5.1/stm32cubeide/plugins/com.st.stm32cube.ide.mcu.externaltools.gnu-tools-for-stm32.9-2020-q2-update.win32_1.5.0.202011040924/tools/bin/../lib/gcc/arm-none-eabi/9.3.1/../../../../arm-none-eabi/lib/thumb/v7e-m+fp/hard\libc_nano.a(lib_a-assert.o)
                                         0x3d (size before relaxing)
 .rodata._setlocale_r.str1.1
                0x000000000800c3b9        0x8 d:/studia/stm32/ide/stm32cubeide_1.5.1/stm32cubeide/plugins/com.st.stm32cube.ide.mcu.externaltools.gnu-tools-for-stm32.9-2020-q2-update.win32_1.5.0.202011040924/tools/bin/../lib/gcc/arm-none-eabi/9.3.1/../../../../arm-none-eabi/lib/thumb/v7e-m+fp/hard\libc_nano.a(lib_a-locale.o)
                                          0x9 (size before relaxing)
 .rodata.str1.1
                0x000000000800c3c1        0x2 d:/studia/stm32/ide/stm32cubeide_1.5.1/stm32cubeide/plugins/com.st.stm32cube.ide.mcu.externaltools.gnu-tools-for-stm32.9-2020-q2-update.win32_1.5.0.202011040924/tools/bin/../lib/gcc/arm-none-eabi/9.3.1/../../../../arm-none-eabi/lib/thumb/v7e-m+fp/hard\libc_nano.a(lib_a-locale.o)
 .rodata._ctype_
                0x000000000800c3c3      0x101 d:/studia/stm32/ide/stm32cubeide_1.5.1/stm32cubeide/plugins/com.st.stm32cube.ide.mcu.externaltools.gnu-tools-for-stm32.9-2020-q2-update.win32_1.5.0.202011040924/tools/bin/../lib/gcc/arm-none-eabi/9.3.1/../../../../arm-none-eabi/lib/thumb/v7e-m+fp/hard\libc_nano.a(lib_a-ctype_.o)
                0x000000000800c3c3                _ctype_
                0x000000000800c4c4                . = ALIGN (0x4)

.ARM.extab      0x000000000800c4c4        0x0
                0x000000000800c4c4                . = ALIGN (0x4)
 *(.ARM.extab* .gnu.linkonce.armextab.*)
                0x000000000800c4c4                . = ALIGN (0x4)

.ARM            0x000000000800c4c4        0x8
                0x000000000800c4c4                . = ALIGN (0x4)
                0x000000000800c4c4                __exidx_start = .
 *(.ARM.exidx*)
 .ARM.exidx     0x000000000800c4c4        0x8 d:/studia/stm32/ide/stm32cubeide_1.5.1/stm32cubeide/plugins/com.st.stm32cube.ide.mcu.externaltools.gnu-tools-for-stm32.9-2020-q2-update.win32_1.5.0.202011040924/tools/bin/../lib/gcc/arm-none-eabi/9.3.1/thumb/v7e-m+fp/hard\libgcc.a(_udivmoddi4.o)
                0x000000000800c4cc                __exidx_end = .
                0x000000000800c4cc                . = ALIGN (0x4)

.rel.dyn        0x000000000800c4cc        0x0
 .rel.iplt      0x000000000800c4cc        0x0 d:/studia/stm32/ide/stm32cubeide_1.5.1/stm32cubeide/plugins/com.st.stm32cube.ide.mcu.externaltools.gnu-tools-for-stm32.9-2020-q2-update.win32_1.5.0.202011040924/tools/bin/../lib/gcc/arm-none-eabi/9.3.1/thumb/v7e-m+fp/hard/crtbegin.o

.preinit_array  0x000000000800c4cc        0x0
                0x000000000800c4cc                . = ALIGN (0x4)
                0x000000000800c4cc                PROVIDE (__preinit_array_start = .)
 *(.preinit_array*)
                0x000000000800c4cc                PROVIDE (__preinit_array_end = .)
                0x000000000800c4cc                . = ALIGN (0x4)

.init_array     0x000000000800c4cc        0x4
                0x000000000800c4cc                . = ALIGN (0x4)
                0x000000000800c4cc                PROVIDE (__init_array_start = .)
 *(SORT_BY_NAME(.init_array.*))
 *(.init_array*)
 .init_array    0x000000000800c4cc        0x4 d:/studia/stm32/ide/stm32cubeide_1.5.1/stm32cubeide/plugins/com.st.stm32cube.ide.mcu.externaltools.gnu-tools-for-stm32.9-2020-q2-update.win32_1.5.0.202011040924/tools/bin/../lib/gcc/arm-none-eabi/9.3.1/thumb/v7e-m+fp/hard/crtbegin.o
                0x000000000800c4d0                PROVIDE (__init_array_end = .)
                0x000000000800c4d0                . = ALIGN (0x4)

.fini_array     0x000000000800c4d0        0x4
                0x000000000800c4d0                . = ALIGN (0x4)
                [!provide]                        PROVIDE (__fini_array_start = .)
 *(SORT_BY_NAME(.fini_array.*))
 *(.fini_array*)
 .fini_array    0x000000000800c4d0        0x4 d:/studia/stm32/ide/stm32cubeide_1.5.1/stm32cubeide/plugins/com.st.stm32cube.ide.mcu.externaltools.gnu-tools-for-stm32.9-2020-q2-update.win32_1.5.0.202011040924/tools/bin/../lib/gcc/arm-none-eabi/9.3.1/thumb/v7e-m+fp/hard/crtbegin.o
                [!provide]                        PROVIDE (__fini_array_end = .)
                0x000000000800c4d4                . = ALIGN (0x4)
                0x000000000800c4d4                _sidata = LOADADDR (.data)

.data           0x0000000020000000      0x1f4 load address 0x000000000800c4d4
                0x0000000020000000                . = ALIGN (0x4)
                0x0000000020000000                _sdata = .
 *(.data)
 *(.data*)
 .data.Font_7x10
                0x0000000020000000        0x8 Core/Src/fonts.o
                0x0000000020000000                Font_7x10
 .data.Font_11x18
                0x0000000020000008        0x8 Core/Src/fonts.o
                0x0000000020000008                Font_11x18
 .data.Font_16x26
                0x0000000020000010        0x8 Core/Src/fonts.o
                0x0000000020000010                Font_16x26
 .data.SystemCoreClock
                0x0000000020000018        0x4 Core/Src/system_stm32f4xx.o
                0x0000000020000018                SystemCoreClock
 .data.uwTickPrio
                0x000000002000001c        0x4 Drivers/STM32F4xx_HAL_Driver/Src/stm32f4xx_hal.o
                0x000000002000001c                uwTickPrio
 .data.uwTickFreq
                0x0000000020000020        0x1 Drivers/STM32F4xx_HAL_Driver/Src/stm32f4xx_hal.o
                0x0000000020000020                uwTickFreq
 *fill*         0x0000000020000021        0x3 
 .data._impure_ptr
                0x0000000020000024        0x4 d:/studia/stm32/ide/stm32cubeide_1.5.1/stm32cubeide/plugins/com.st.stm32cube.ide.mcu.externaltools.gnu-tools-for-stm32.9-2020-q2-update.win32_1.5.0.202011040924/tools/bin/../lib/gcc/arm-none-eabi/9.3.1/../../../../arm-none-eabi/lib/thumb/v7e-m+fp/hard\libc_nano.a(lib_a-impure.o)
                0x0000000020000024                _impure_ptr
 .data.impure_data
                0x0000000020000028       0x60 d:/studia/stm32/ide/stm32cubeide_1.5.1/stm32cubeide/plugins/com.st.stm32cube.ide.mcu.externaltools.gnu-tools-for-stm32.9-2020-q2-update.win32_1.5.0.202011040924/tools/bin/../lib/gcc/arm-none-eabi/9.3.1/../../../../arm-none-eabi/lib/thumb/v7e-m+fp/hard\libc_nano.a(lib_a-impure.o)
 .data.__global_locale
                0x0000000020000088      0x16c d:/studia/stm32/ide/stm32cubeide_1.5.1/stm32cubeide/plugins/com.st.stm32cube.ide.mcu.externaltools.gnu-tools-for-stm32.9-2020-q2-update.win32_1.5.0.202011040924/tools/bin/../lib/gcc/arm-none-eabi/9.3.1/../../../../arm-none-eabi/lib/thumb/v7e-m+fp/hard\libc_nano.a(lib_a-locale.o)
                0x0000000020000088                __global_locale
 *(.RamFunc)
 *(.RamFunc*)
                0x00000000200001f4                . = ALIGN (0x4)
                0x00000000200001f4                _edata = .

.igot.plt       0x00000000200001f4        0x0 load address 0x000000000800c6c8
 .igot.plt      0x00000000200001f4        0x0 d:/studia/stm32/ide/stm32cubeide_1.5.1/stm32cubeide/plugins/com.st.stm32cube.ide.mcu.externaltools.gnu-tools-for-stm32.9-2020-q2-update.win32_1.5.0.202011040924/tools/bin/../lib/gcc/arm-none-eabi/9.3.1/thumb/v7e-m+fp/hard/crtbegin.o
                0x00000000200001f4                . = ALIGN (0x4)

.bss            0x00000000200001f8      0x20c load address 0x000000000800c6c8
                0x00000000200001f8                _sbss = .
                0x00000000200001f8                __bss_start__ = _sbss
 *(.bss)
 .bss           0x00000000200001f8       0x1c d:/studia/stm32/ide/stm32cubeide_1.5.1/stm32cubeide/plugins/com.st.stm32cube.ide.mcu.externaltools.gnu-tools-for-stm32.9-2020-q2-update.win32_1.5.0.202011040924/tools/bin/../lib/gcc/arm-none-eabi/9.3.1/thumb/v7e-m+fp/hard/crtbegin.o
 *(.bss*)
 .bss.errTemp   0x0000000020000214        0x1 Core/Src/main.o
                0x0000000020000214                errTemp
 .bss.errPres   0x0000000020000215        0x1 Core/Src/main.o
                0x0000000020000215                errPres
 *fill*         0x0000000020000216        0x2 
 .bss.temp      0x0000000020000218        0x8 Core/Src/main.o
                0x0000000020000218                temp
 .bss.pres      0x0000000020000220        0x8 Core/Src/main.o
                0x0000000020000220                pres
 .bss.refreshScreen1
                0x0000000020000228        0x4 Core/Src/main.o
                0x0000000020000228                refreshScreen1
 .bss.refreshScreen2
                0x000000002000022c        0x4 Core/Src/main.o
                0x000000002000022c                refreshScreen2
 .bss.refreshScreen3
                0x0000000020000230        0x4 Core/Src/main.o
                0x0000000020000230                refreshScreen3
 .bss.refreshScreen4
                0x0000000020000234        0x4 Core/Src/main.o
                0x0000000020000234                refreshScreen4
 .bss.__sbrk_heap_end
                0x0000000020000238        0x4 Core/Src/sysmem.o
 .bss.__malloc_free_list
                0x000000002000023c        0x4 d:/studia/stm32/ide/stm32cubeide_1.5.1/stm32cubeide/plugins/com.st.stm32cube.ide.mcu.externaltools.gnu-tools-for-stm32.9-2020-q2-update.win32_1.5.0.202011040924/tools/bin/../lib/gcc/arm-none-eabi/9.3.1/../../../../arm-none-eabi/lib/thumb/v7e-m+fp/hard\libc_nano.a(lib_a-nano-mallocr.o)
                0x000000002000023c                __malloc_free_list
 .bss.__malloc_sbrk_start
                0x0000000020000240        0x4 d:/studia/stm32/ide/stm32cubeide_1.5.1/stm32cubeide/plugins/com.st.stm32cube.ide.mcu.externaltools.gnu-tools-for-stm32.9-2020-q2-update.win32_1.5.0.202011040924/tools/bin/../lib/gcc/arm-none-eabi/9.3.1/../../../../arm-none-eabi/lib/thumb/v7e-m+fp/hard\libc_nano.a(lib_a-nano-mallocr.o)
                0x0000000020000240                __malloc_sbrk_start
 *(COMMON)
 COMMON         0x0000000020000244        0xe Core/Src/GFX_FUNCTIONS.o
                0x0000000020000244                _xstart
                0x0000000020000245                _colstart
                0x0000000020000246                cursor_y
                0x0000000020000248                _ystart
                0x0000000020000249                _rowstart
                0x000000002000024a                rotation
                0x000000002000024c                _width
                0x000000002000024e                cursor_x
                0x0000000020000250                _height
 *fill*         0x0000000020000252        0x2 
 COMMON         0x0000000020000254       0x34 Core/Src/bmp280_read.o
                0x0000000020000254                bmp
 COMMON         0x0000000020000288       0x54 Core/Src/i2c.o
                0x0000000020000288                hi2c1
 COMMON         0x00000000200002dc       0x2e Core/Src/onScreen.o
                0x00000000200002dc                ERR_TEMP_BUF
                0x00000000200002e8                PRES_BUF
                0x00000000200002f4                TEMP_BUF
                0x0000000020000300                ERR_PRES_BUF
 *fill*         0x000000002000030a        0x2 
 COMMON         0x000000002000030c       0x58 Core/Src/spi.o
                0x000000002000030c                hspi2
 COMMON         0x0000000020000364       0x48 Core/Src/tim.o
                0x0000000020000364                htim10
 COMMON         0x00000000200003ac       0x44 Core/Src/usart.o
                0x00000000200003ac                huart2
 COMMON         0x00000000200003f0        0x4 Drivers/STM32F4xx_HAL_Driver/Src/stm32f4xx_hal.o
                0x00000000200003f0                uwTick
 COMMON         0x00000000200003f4        0x9 d:/studia/stm32/ide/stm32cubeide_1.5.1/stm32cubeide/plugins/com.st.stm32cube.ide.mcu.externaltools.gnu-tools-for-stm32.9-2020-q2-update.win32_1.5.0.202011040924/tools/bin/../lib/gcc/arm-none-eabi/9.3.1/../../../../arm-none-eabi/lib/thumb/v7e-m+fp/hard\libc_nano.a(lib_a-lock.o)
                0x00000000200003f4                __lock___atexit_recursive_mutex
                0x00000000200003f5                __lock___arc4random_mutex
                0x00000000200003f6                __lock___env_recursive_mutex
                0x00000000200003f7                __lock___sinit_recursive_mutex
                0x00000000200003f8                __lock___malloc_recursive_mutex
                0x00000000200003f9                __lock___at_quick_exit_mutex
                0x00000000200003fa                __lock___dd_hash_mutex
                0x00000000200003fb                __lock___tz_mutex
                0x00000000200003fc                __lock___sfp_recursive_mutex
 *fill*         0x00000000200003fd        0x3 