GFX_FUNCTIONS.c:15:6:drawPixel	16	static
GFX_FUNCTIONS.c:20:6:fillRect	32	static
GFX_FUNCTIONS.c:39:6:writePixel	16	static
GFX_FUNCTIONS.c:44:6:writeLine	48	static
GFX_FUNCTIONS.c:84:7:drawFastVLine	32	static
GFX_FUNCTIONS.c:88:7:drawFastHLine	32	static
GFX_FUNCTIONS.c:93:6:drawLine	40	static
GFX_FUNCTIONS.c:106:6:drawCircle	40	static
GFX_FUNCTIONS.c:140:6:drawCircleHelper	40	static
GFX_FUNCTIONS.c:176:6:fillCircleHelper	40	static
GFX_FUNCTIONS.c:213:6:fillCircle	32	static
GFX_FUNCTIONS.c:221:6:drawRect	24	static
GFX_FUNCTIONS.c:229:6:drawRoundRect	40	static
GFX_FUNCTIONS.c:246:6:fillRoundRect	40	static
GFX_FUNCTIONS.c:258:6:drawTriangle	32	static
GFX_FUNCTIONS.c:266:6:fillTriangle	72	static
GFX_FUNCTIONS.c:343:6:fillScreen	24	static
GFX_FUNCTIONS.c:349:6:testLines	56	static
GFX_FUNCTIONS.c:392:6:testFastLines	32	static
GFX_FUNCTIONS.c:401:6:testRects	56	static
GFX_FUNCTIONS.c:416:6:testFilledRects	56	static
GFX_FUNCTIONS.c:433:6:testFilledCircles	40	static
GFX_FUNCTIONS.c:446:6:testCircles	40	static
GFX_FUNCTIONS.c:462:6:testTriangles	56	static
GFX_FUNCTIONS.c:479:6:testFilledTriangles	56	static
GFX_FUNCTIONS.c:492:6:testRoundRects	56	static
GFX_FUNCTIONS.c:509:6:testFilledRoundRects	48	static
GFX_FUNCTIONS.c:524:6:testFillScreen	8	static
GFX_FUNCTIONS.c:533:6:testAll	8	static
