ST7735.c:85:6:ST7735_Select	8	static
ST7735.c:90:6:ST7735_Unselect	8	static
ST7735.c:95:6:ST7735_Reset	8	static
ST7735.c:102:6:ST7735_WriteCommand	16	static
ST7735.c:108:6:ST7735_WriteData	16	static
ST7735.c:114:6:DisplayInit	24	static
ST7735.c:141:6:ST7735_SetAddressWindow	32	static
ST7735.c:158:6:ST7735_Init	16	static
ST7735.c:187:6:ST7735_SetRotation	24	static
ST7735.c:247:6:ST7735_DrawPixel	24	static
ST7735.c:260:6:ST7735_WriteChar	48	static
ST7735.c:279:6:ST7735_WriteString	32	static
ST7735.c:305:6:ST7735_FillRectangle	32	static
ST7735.c:325:6:ST7735_DrawImage	24	static
ST7735.c:336:6:ST7735_InvertColors	16	static
